#### exa instance 1 (GPU 1) attempt 1 ####

[1185639] signal 15: Terminated
in expression starting at /home/jsphchoi/.julia/dev/ExaModelsPEtab/examples/Benchmarks/benchmark_examodels.jl:314
_ZL12LowerAndToBTN4llvm7SDValueENS_3ISD8CondCodeERKNS_5SDLocERNS_12SelectionDAGERNS_3X868CondCodeE at /home/jsphchoi/.julia/juliaup/julia-1.12.6+0.x64.linux.gnu/bin/../lib/julia/libLLVM.so.18.1jl (unknown line)
_ZNK4llvm17X86TargetLowering17emitFlagsForSetccENS_7SDValueES1_NS_3ISD8CondCodeERKNS_5SDLocERNS_12SelectionDAGERS1_ at /home/jsphchoi/.julia/juliaup/julia-1.12.6+0.x64.linux.gnu/bin/../lib/julia/libLLVM.so.18.1jl (unknown line)
_ZNK4llvm17X86TargetLowering11LowerBRCONDENS_7SDValueERNS_12SelectionDAGE at /home/jsphchoi/.julia/juliaup/julia-1.12.6+0.x64.linux.gnu/bin/../lib/julia/libLLVM.so.18.1jl (unknown line)
_ZN12_GLOBAL__N_120SelectionDAGLegalize10LegalizeOpEPN4llvm6SDNodeE at /home/jsphchoi/.julia/juliaup/julia-1.12.6+0.x64.linux.gnu/bin/../lib/julia/libLLVM.so.18.1jl (unknown line)
_ZN4llvm12SelectionDAG8LegalizeEv at /home/jsphchoi/.julia/juliaup/julia-1.12.6+0.x64.linux.gnu/bin/../lib/julia/libLLVM.so.18.1jl (unknown line)
_ZN4llvm16SelectionDAGISel17CodeGenAndEmitDAGEv at /home/jsphchoi/.julia/juliaup/julia-1.12.6+0.x64.linux.gnu/bin/../lib/julia/libLLVM.so.18.1jl (unknown line)
_ZN4llvm16SelectionDAGISel20SelectAllBasicBlocksERKNS_8FunctionE at /home/jsphchoi/.julia/juliaup/julia-1.12.6+0.x64.linux.gnu/bin/../lib/julia/libLLVM.so.18.1jl (unknown line)
_ZN4llvm16SelectionDAGISel20runOnMachineFunctionERNS_15MachineFunctionE.part.0 at /home/jsphchoi/.julia/juliaup/julia-1.12.6+0.x64.linux.gnu/bin/../lib/julia/libLLVM.so.18.1jl (unknown line)
_ZN12_GLOBAL__N_115X86DAGToDAGISel20runOnMachineFunctionERN4llvm15MachineFunctionE at /home/jsphchoi/.julia/juliaup/julia-1.12.6+0.x64.linux.gnu/bin/../lib/julia/libLLVM.so.18.1jl (unknown line)
_ZN4llvm19MachineFunctionPass13runOnFunctionERNS_8FunctionE.part.0 at /home/jsphchoi/.julia/juliaup/julia-1.12.6+0.x64.linux.gnu/bin/../lib/julia/libLLVM.so.18.1jl (unknown line)
_ZN4llvm13FPPassManager13runOnFunctionERNS_8FunctionE at /home/jsphchoi/.julia/juliaup/julia-1.12.6+0.x64.linux.gnu/bin/../lib/julia/libLLVM.so.18.1jl (unknown line)
_ZN4llvm13FPPassManager11runOnModuleERNS_6ModuleE at /home/jsphchoi/.julia/juliaup/julia-1.12.6+0.x64.linux.gnu/bin/../lib/julia/libLLVM.so.18.1jl (unknown line)
_ZN4llvm6legacy15PassManagerImpl3runERNS_6ModuleE at /home/jsphchoi/.julia/juliaup/julia-1.12.6+0.x64.linux.gnu/bin/../lib/julia/libLLVM.so.18.1jl (unknown line)
_ZN4llvm3orc14SimpleCompilerclERNS_6ModuleE at /home/jsphchoi/.julia/juliaup/julia-1.12.6+0.x64.linux.gnu/bin/../lib/julia/libLLVM.so.18.1jl (unknown line)
operator() at /cache/build/builder-amdci5-4/julialang/julia-release-1-dot-12/src/jitlayers.cpp:1561
addModule at /cache/build/builder-amdci5-4/julialang/julia-release-1-dot-12/src/jitlayers.cpp:2044
jl_compile_codeinst_now at /cache/build/builder-amdci5-4/julialang/julia-release-1-dot-12/src/jitlayers.cpp:626
jl_compile_codeinst_impl at /cache/build/builder-amdci5-4/julialang/julia-release-1-dot-12/src/jitlayers.cpp:824
jl_compile_method_internal at /cache/build/builder-amdci5-4/julialang/julia-release-1-dot-12/src/gf.c:3528
_jl_invoke at /cache/build/builder-amdci5-4/julialang/julia-release-1-dot-12/src/gf.c:4006 [inlined]
ijl_apply_generic at /cache/build/builder-amdci5-4/julialang/julia-release-1-dot-12/src/gf.c:4214
File at /home/jsphchoi/.julia/packages/CSV/LiiJM/src/file.jl:290
File at /home/jsphchoi/.julia/packages/CSV/LiiJM/src/file.jl:227 [inlined]
#File#18 at /home/jsphchoi/.julia/packages/CSV/LiiJM/src/file.jl:223
unknown function (ip: 0x7d621cb71897) at (unknown file)
File at /home/jsphchoi/.julia/packages/CSV/LiiJM/src/file.jl:162
#read#102 at /home/jsphchoi/.julia/packages/CSV/LiiJM/src/CSV.jl:117 [inlined]
read at /home/jsphchoi/.julia/packages/CSV/LiiJM/src/CSV.jl:113 [inlined]
_read_table at /home/jsphchoi/.julia/packages/PEtab/PnGbI/src/petab_files/read.jl:78
read_tables_v1 at /home/jsphchoi/.julia/packages/PEtab/PnGbI/src/petab_files/read.jl:3
#PEtabModel#110 at /home/jsphchoi/.julia/packages/PEtab/PnGbI/src/petab_files/petab_model.jl:23
PEtabModel at /home/jsphchoi/.julia/packages/PEtab/PnGbI/src/petab_files/petab_model.jl:15 [inlined]
build_model at /home/jsphchoi/.julia/dev/ExaModelsPEtab/examples/Benchmarks/benchmark_examodels.jl:103
warmup at /home/jsphchoi/.julia/dev/ExaModelsPEtab/examples/Benchmarks/benchmark_examodels.jl:270
main at /home/jsphchoi/.julia/dev/ExaModelsPEtab/examples/Benchmarks/benchmark_examodels.jl:306
unknown function (ip: 0x7d62a09ec3af) at (unknown file)
jl_apply at /cache/build/builder-amdci5-4/julialang/julia-release-1-dot-12/src/julia.h:2391 [inlined]
do_call at /cache/build/builder-amdci5-4/julialang/julia-release-1-dot-12/src/interpreter.c:123
eval_value at /cache/build/builder-amdci5-4/julialang/julia-release-1-dot-12/src/interpreter.c:243
eval_stmt_value at /cache/build/builder-amdci5-4/julialang/julia-release-1-dot-12/src/interpreter.c:194 [inlined]
eval_body at /cache/build/builder-amdci5-4/julialang/julia-release-1-dot-12/src/interpreter.c:707
jl_interpret_toplevel_thunk at /cache/build/builder-amdci5-4/julialang/julia-release-1-dot-12/src/interpreter.c:898
jl_toplevel_eval_flex at /cache/build/builder-amdci5-4/julialang/julia-release-1-dot-12/src/toplevel.c:1035
jl_toplevel_eval_flex at /cache/build/builder-amdci5-4/julialang/julia-release-1-dot-12/src/toplevel.c:975
ijl_toplevel_eval at /cache/build/builder-amdci5-4/julialang/julia-release-1-dot-12/src/toplevel.c:1047
ijl_toplevel_eval_in at /cache/build/builder-amdci5-4/julialang/julia-release-1-dot-12/src/toplevel.c:1092
eval at ./boot.jl:489
include_string at ./loading.jl:2874
_include at ./loading.jl:2934
include at ./Base.jl:306
exec_options at ./client.jl:317
_start at ./client.jl:550
jfptr__start_63319.1 at /home/jsphchoi/.julia/juliaup/julia-1.12.6+0.x64.linux.gnu/lib/julia/sys.so (unknown line)
jl_apply at /cache/build/builder-amdci5-4/julialang/julia-release-1-dot-12/src/julia.h:2391 [inlined]
true_main at /cache/build/builder-amdci5-4/julialang/julia-release-1-dot-12/src/jlapi.c:971
jl_repl_entrypoint at /cache/build/builder-amdci5-4/julialang/julia-release-1-dot-12/src/jlapi.c:1139
main at /cache/build/builder-amdci5-4/julialang/julia-release-1-dot-12/cli/loader_exe.c:58
unknown function (ip: 0x7d62ba62a1c9) at /lib/x86_64-linux-gnu/libc.so.6
__libc_start_main at /lib/x86_64-linux-gnu/libc.so.6 (unknown line)
unknown function (ip: 0x4010b8) at /workspace/srcdir/glibc-2.17/csu/../sysdeps/x86_64/start.S
unknown function (ip: (nil)) at (unknown file)
Allocations: 158267969 (Pool: 158266334; Big: 1635); GC: 36
