This is [34mMad[31mN[32mL[35mP[0m version v0.9.2, running with cuDSS v0.7.1

Number of nonzeros in constraint Jacobian............:    70604
Number of nonzeros in Lagrangian Hessian.............:    77195

Total number of variables............................:     7793
                     variables with only lower bounds:        0
                variables with lower and upper bounds:       13
                     variables with only upper bounds:        0
Total number of equality constraints.................:     7780
Total number of inequality constraints...............:        0
        inequality constraints with only lower bounds:        0
   inequality constraints with lower and upper bounds:        0
        inequality constraints with only upper bounds:        0

iter    objective    inf_pr   inf_du inf_compl lg(mu) lg(rg) alpha_pr ir ls
   0 -4.6688179e+01 0.00e+00 9.76e+01 5.77e+00  -1.0     -   0.00e+00  0  0 
   1 -4.6688184e+01 2.30e-14 2.93e-01 2.03e-04  -1.0     -   2.03e-05  1  2f
   2 -4.6688187e+01 1.46e-11 2.24e-06 2.03e-04  -1.7     -   1.00e+00  1  1h
   3 -4.6688202e+01 1.72e-11 2.94e-05 1.97e-04  -5.7     -   1.00e+00  1  1h
   4 -4.6691193e+01 5.57e-11 1.94e-02 5.13e-05  -5.7     -   1.00e+00  1  1h
   5 -4.6696125e+01 7.87e-11 2.25e-02 1.48e-05  -5.7     -   1.00e+00  1  1h
   6 -4.6701213e+01 5.89e-11 2.46e-03 4.13e-06  -5.7     -   1.00e+00  1  1h
   7 -4.6703753e+01 1.33e-10 3.79e-07 2.27e-06  -5.7     -   1.00e+00  1  1h
   8 -4.6705448e+01 5.36e-11 1.21e-03 5.86e-07  -7.0     -   1.00e+00  1  1h
   9 -4.6706032e+01 7.39e-11 1.73e-07 1.55e-07  -7.0     -   1.00e+00  1  1h

Number of Iterations....: 9

                                   (scaled)                 (unscaled)
Objective...............:  -4.6706031935976142e+01   -4.6706031935976142e+01
Dual infeasibility......:   1.7344893521453741e-07    1.7344893521453741e-07
Constraint violation....:   7.3884345713884142e-11    7.3884345713884142e-11
Complementarity.........:   1.5494637713863617e-07    1.5494637713863617e-07
Overall NLP error.......:   1.7344893521453741e-07    1.7344893521453741e-07

Number of objective function evaluations              = 13
Number of objective gradient evaluations              = 10
Number of constraint evaluations                      = 13
Number of constraint Jacobian evaluations             = 10
Number of Lagrangian Hessian evaluations              = 9
Number of KKT factorizations                          = 9
Number of KKT backsolves                              = 11

Total wall secs in initialization                     = 59.955 s
Total wall secs in linear solver                      =  unavailable
Total wall secs in NLP function evaluations           =  9.723 s
Total wall secs in solver (w/o init./fun./lin. alg.)  =  unavailable
Total wall secs                                       = 168.294 s

[32mEXIT: Optimal Solution Found (tol = 1.0e-06).[0m
This is [34mMad[31mN[32mL[35mP[0m version v0.9.2, running with cuDSS v0.7.1

Number of nonzeros in constraint Jacobian............: 22265722
Number of nonzeros in Lagrangian Hessian.............: 42545878

Total number of variables............................:  2345108
                     variables with only lower bounds:      533
                variables with lower and upper bounds:      113
                     variables with only upper bounds:        0
Total number of equality constraints.................:  2344995
Total number of inequality constraints...............:        0
        inequality constraints with only lower bounds:        0
   inequality constraints with lower and upper bounds:        0
        inequality constraints with only upper bounds:        0

iter    objective    inf_pr   inf_du inf_compl lg(mu) lg(rg) alpha_pr ir ls
   0 -3.4924317e+02 3.11e+00 9.90e+01 7.98e+01  -1.0     -   0.00e+00  0  0 
   1 -3.4924317e+02 3.11e+00 7.97e+01 1.53e+01  -1.0   -2.0  2.21e-10  4  1h
   2 -3.4918683e+02 3.11e+00 1.40e+00 8.18e-03  -1.0   -2.5  2.26e-05 10  1h
   3 -3.6163190e+02 2.97e+00 2.49e-02 1.14e-04  -1.0   -3.0  4.25e-02  1  1h
   4 -3.9446510e+02 4.05e-01 6.47e+02 6.25e-06  -1.0   -2.5  9.54e-01  1  1h
   5 -3.8846027e+02 2.38e-01 1.05e+04 1.63e-06  -1.0    3.3  7.05e-01  7  1h
   6 -3.8846024e+02 2.32e-01 1.02e+04 1.05e-06  -1.0   11.9  2.40e-02  1  1h
   7 -3.8846024e+02 2.32e-01 1.01e+04 1.55e-06  -1.0   11.4  2.46e-04  1  1h
   8 -3.8846024e+02 2.32e-01 1.22e+05 3.21e-06  -1.0   11.8  6.25e-04  1  1h
   9 -3.8845889e+02 1.79e-01 7.95e+04 7.25e-07  -1.0   11.3  2.98e-01  1  1h
iter    objective    inf_pr   inf_du inf_compl lg(mu) lg(rg) alpha_pr ir ls
  10 -3.8845888e+02 1.40e-01 3.23e+05 3.54e-07  -1.0   13.6  2.77e-01  1  1h
  11 -3.8845887e+02 6.99e-02 1.68e+04 2.81e-07  -1.0   14.0  1.00e+00  1  1h
  12 -3.8845887e+02 3.50e-02 3.90e+03 2.22e-07  -1.0   15.3  1.00e+00  1  1h
  13 -3.8845886e+02 2.16e-02 4.00e+03 2.94e-07  -1.0   15.8  1.00e+00  1  1h
  14 -3.8845886e+02 2.16e-02 3.33e+03 2.21e-07  -1.0   15.3  1.00e+00  1  1h
  15 -3.8845885e+02 2.16e-02 2.19e+03 2.23e-07  -1.0   14.8  1.00e+00  1  1h
  16 -3.8845882e+02 2.16e-02 1.62e+03 2.63e-07  -1.0   14.3  1.00e+00  1  1h
  17 -3.8845881e+02 2.16e-02 1.95e+03 2.43e-07  -1.0   14.7  1.00e+00  1  1h
  18 -3.8845878e+02 2.16e-02 1.46e+05 2.35e-07  -1.0   14.3  6.02e-01  1  1h
  19 -3.8845878e+02 2.16e-02 2.50e+03 2.26e-06  -1.0   15.6  1.00e+00  1  1h
iter    objective    inf_pr   inf_du inf_compl lg(mu) lg(rg) alpha_pr ir ls
  20 -3.8845877e+02 2.16e-02 2.80e+04 5.08e-07  -1.0   15.1  1.00e+00  1  1h
  21 -3.8845877e+02 2.16e-02 1.39e+04 2.61e-07  -1.0   15.6  1.00e+00  1  1h
  22 -3.8845876e+02 2.16e-02 6.65e+03 2.20e-07  -1.0   15.1  1.00e+00  1  1h
  23 -3.8845876e+02 2.16e-02 3.85e+03 2.27e-07  -1.0   17.3  1.00e+00  1  1h
  24 -3.8845876e+02 2.16e-02 4.18e+03 2.20e-07  -1.0   16.8  1.00e+00  1  1h
  25 -3.8845876e+02 2.16e-02 4.51e+03 2.20e-07  -1.0   16.4  1.00e+00  1  1h
  26 -3.8845876e+02 2.16e-02 4.84e+03 2.20e-07  -1.0   15.9  1.00e+00  1  1h
  27 -3.8845875e+02 2.16e-02 5.16e+03 2.20e-07  -1.0   15.4  1.00e+00  1  1h
  28 -3.8845874e+02 2.16e-02 1.35e+05 2.33e-07  -1.0   14.9  6.05e-01  1  1h
  29 -3.8845873e+02 2.16e-02 1.75e+05 3.77e-07  -1.0   15.3  4.86e-01  1  1h
iter    objective    inf_pr   inf_du inf_compl lg(mu) lg(rg) alpha_pr ir ls
  30 -3.8845872e+02 2.16e-02 1.32e+05 2.60e-07  -1.0   14.9  5.97e-01  1  1h
  31 -3.8845871e+02 2.16e-02 2.75e+04 3.83e-07  -1.0   15.3  9.16e-01  1  1h
  32 -3.8845869e+02 2.16e-02 1.75e+05 2.88e-07  -1.0   14.8  4.30e-01  1  1h
  33 -3.8845868e+02 2.16e-02 6.23e+03 4.92e-07  -1.0   15.2  1.00e+00  1  1h
  34 -3.8845868e+02 2.16e-02 6.47e+03 2.41e-07  -1.0   16.6  1.00e+00  1  1h
  35 -3.8845868e+02 2.16e-02 4.39e+04 2.19e-07  -1.0   16.1  1.00e+00  1  1h
  36 -3.8845867e+02 2.16e-02 2.03e+04 2.19e-07  -1.0   15.6  1.00e+00  1  1h
  37 -3.8845866e+02 2.16e-02 2.35e+04 2.19e-07  -1.0   15.1  9.20e-01  1  1h
  38 -3.8845863e+02 2.16e-02 1.15e+05 7.50e-07  -1.0   14.7  5.55e-01  1  1h
  39 -3.8845860e+02 2.16e-02 7.46e+03 1.81e-06  -1.0   15.1  1.00e+00  1  1h
iter    objective    inf_pr   inf_du inf_compl lg(mu) lg(rg) alpha_pr ir ls
  40 -3.8845860e+02 2.16e-02 7.65e+03 5.60e-07  -1.0   15.5  1.00e+00  1  1h
  41 -3.8845858e+02 2.16e-02 1.24e+05 4.07e-07  -1.0   15.0  4.83e-01  1  1h
  42 -3.8845857e+02 2.16e-02 1.99e+04 3.55e-07  -1.0   15.5  1.00e+00  1  1h
  43 -3.8845857e+02 2.16e-02 1.04e+04 8.35e-07  -1.0   15.9  1.00e+00  1  1h
  44 -3.8845856e+02 2.16e-02 8.31e+03 3.30e-07  -1.0   15.4  1.00e+00  1  1h
  45 -3.8845855e+02 2.16e-02 8.50e+03 2.21e-07  -1.0   15.8  1.00e+00  1  1h
  46 -3.8845855e+02 2.16e-02 8.69e+03 2.19e-07  -1.0   16.3  1.00e+00  1  1h
  47 -3.8845855e+02 2.16e-02 2.69e+04 2.18e-07  -1.0   15.8  1.00e+00  1  1h
  48 -3.8845855e+02 2.16e-02 5.64e+04 2.18e-07  -1.0   18.0  1.00e+00  1  1h
  49r-3.8845854e+02 1.73e-18 1.50e+02 1.00e-02  -1.0     -   1.00e+00  1 22R
iter    objective    inf_pr   inf_du inf_compl lg(mu) lg(rg) alpha_pr ir ls
  50r-3.8821622e+02 4.59e-05 2.37e-02 4.56e-05  -1.0     -   3.66e-04  1  1f
  51r-3.8821622e+02 1.40e-05 2.03e+06 6.32e-05  -3.8   18.0  7.52e-01  1  1f
  52r-3.8821622e+02 6.49e-06 3.60e+06 2.15e-05  -3.8   17.5  7.01e-01  1  1f
  53r-3.8821622e+02 3.31e-06 4.46e+06 5.48e-06  -3.8   17.0  7.40e-01  1  1f
  54r-3.8821622e+02 4.59e-06 4.55e+06 2.51e-06  -3.8   16.5  6.21e-01  1  1f
  55r-3.8821622e+02 6.68e-06 4.37e+06 1.90e-06  -3.8   16.1  3.57e-01  1  1f
  56r-3.8821622e+02 6.65e-06 4.27e+06 1.66e-06  -3.8   15.6  1.00e-01  1  1f
  57r-3.8821622e+02 6.65e-06 4.27e+06 1.74e-06  -3.8   15.1  1.77e-05  1  1f
  58r-3.8821622e+02 8.12e-06 3.95e+06 1.52e-06  -3.8   15.5  2.21e-01  1  1f
  59r-3.8821622e+02 9.38e-06 3.78e+06 1.44e-06  -3.8   15.1  9.80e-02  1  1f
iter    objective    inf_pr   inf_du inf_compl lg(mu) lg(rg) alpha_pr ir ls
  60r-3.8821622e+02 9.35e-06 3.76e+06 1.39e-06  -3.8   14.6  1.12e-02  1  1f
  61r-3.8821622e+02 9.29e-06 3.71e+06 1.38e-06  -3.8   14.1  2.63e-02  1  1f
  62r-3.8821622e+02 9.89e-06 3.62e+06 1.34e-06  -3.8   14.5  5.61e-02  1  1f
  63r-3.8821622e+02 2.83e-04 3.60e+06 1.33e-06  -3.8   14.1  1.43e-02  1  1f
  64r-3.8821622e+02 2.72e-04 3.53e+06 1.30e-06  -3.8   14.5  3.95e-02  1  1f
  65r-3.8821622e+02 2.70e-04 3.52e+06 1.29e-06  -3.8   14.0  8.48e-03  1  1f
  66r-3.8821622e+02 2.60e-04 3.47e+06 1.26e-06  -3.8   14.4  3.59e-02  1  1f
  67r-3.8821622e+02 2.59e-04 3.46e+06 1.25e-06  -3.8   13.9  6.47e-03  1  1f
  68r-3.8821622e+02 2.54e-04 3.43e+06 1.22e-06  -3.8   14.4  1.87e-02  1  1f
  69r-3.8821622e+02 2.52e-04 3.42e+06 1.21e-06  -3.8   13.9  8.72e-03  1  1f
iter    objective    inf_pr   inf_du inf_compl lg(mu) lg(rg) alpha_pr ir ls
  70r-3.8821622e+02 2.42e-04 3.36e+06 1.19e-06  -3.8   14.3  3.65e-02  1  1f
  71r-3.8821622e+02 2.30e-04 3.29e+06 1.15e-06  -3.8   14.7  5.39e-02  1  1f
  72 -3.8821622e+02 1.99e-02 1.02e+06 2.28e-07  -1.0   14.3  1.80e-02  1  1f
  73 -3.8821622e+02 1.99e-02 2.21e+05 2.98e-07  -1.0   13.8  4.62e-03  1  2h
  74 -3.8821617e+02 1.99e-02 2.45e+02 2.61e-07  -1.0   13.3  1.00e+00  1  1h
  75 -3.8821596e+02 2.00e-02 2.79e+04 2.53e-07  -1.0   12.8  7.84e-01  1  1h
  76 -3.8821561e+02 2.00e-02 2.76e+04 3.08e-07  -1.0   12.4  3.11e-01  1  1h
  77 -3.8821555e+02 2.00e-02 6.06e+02 5.85e-07  -1.0   13.7  1.00e+00  1  1h
  78 -3.8821552e+02 2.00e-02 4.49e+04 2.73e-07  -1.0   14.1  1.00e+00  1  1h
  79 -3.8821550e+02 2.00e-02 2.19e+04 2.22e-07  -1.0   14.5  1.00e+00  1  1h
iter    objective    inf_pr   inf_du inf_compl lg(mu) lg(rg) alpha_pr ir ls
  80 -3.8821550e+02 2.00e-02 1.05e+04 2.22e-07  -1.0   15.0  1.00e+00  1  1h
  81 -3.8821549e+02 2.00e-02 5.03e+03 2.22e-07  -1.0   15.4  1.00e+00  1  1h
  82 -3.8821549e+02 2.00e-02 2.77e+03 2.22e-07  -1.0   15.8  1.00e+00  1  1h
  83 -3.8821549e+02 2.00e-02 2.24e+03 2.22e-07  -1.0   16.2  1.00e+00  1  1h
  84 -3.8821549e+02 2.00e-02 1.81e+03 2.22e-07  -1.0   15.8  1.00e+00  1  1h
  85 -3.8821549e+02 2.00e-02 1.98e+03 2.22e-07  -1.0   15.3  1.00e+00  1  1h
  86 -3.8821548e+02 2.00e-02 2.15e+03 2.22e-07  -1.0   15.7  1.00e+00  1  1h
  87 -3.8821548e+02 2.00e-02 2.32e+03 2.22e-07  -1.0   15.2  1.00e+00  1  1h
  88 -3.8821545e+02 2.00e-02 2.49e+03 2.22e-07  -1.0   14.8  1.00e+00  1  1h
  89 -3.8821544e+02 2.00e-02 2.65e+03 2.23e-07  -1.0   15.2  1.00e+00  1  1h
iter    objective    inf_pr   inf_du inf_compl lg(mu) lg(rg) alpha_pr ir ls
  90 -3.8821542e+02 2.00e-02 2.81e+03 2.21e-07  -1.0   14.7  1.00e+00  1  1h
  91 -3.8821536e+02 2.00e-02 1.82e+04 2.35e-07  -1.0   14.2  6.03e-01  1  1h
  92 -3.8821526e+02 2.00e-02 1.14e+04 3.06e-07  -1.0   13.8  3.31e-01  1  1h
  93 -3.8821518e+02 2.00e-02 6.29e+03 3.34e-07  -1.0   14.2  7.64e-01  1  1h
  94 -3.8821514e+02 2.00e-02 3.18e+03 8.20e-07  -1.0   14.6  1.00e+00  1  1h
  95 -3.8821506e+02 2.00e-02 4.54e+03 4.36e-07  -1.0   14.1  5.67e-01  1  1h
  96 -3.8821505e+02 2.00e-02 3.38e+03 1.66e-06  -1.0   15.5  1.00e+00  1  1h
  97 -3.8821505e+02 2.00e-02 3.51e+03 3.01e-07  -1.0   15.9  1.00e+00  1  1h
  98 -3.8821504e+02 2.00e-02 2.10e+04 2.24e-07  -1.0   15.4  1.00e+00  1  1h
  99 -3.8821504e+02 2.00e-02 4.12e+03 2.21e-07  -1.0   16.7  1.00e+00  1  1h
iter    objective    inf_pr   inf_du inf_compl lg(mu) lg(rg) alpha_pr ir ls
 100 -3.8821504e+02 2.00e-02 3.92e+03 2.21e-07  -1.0   16.3  1.00e+00  1  1h
 101 -3.8821504e+02 2.00e-02 4.08e+03 2.22e-07  -1.0   15.8  1.00e+00  1  1h
 102 -3.8821502e+02 2.00e-02 4.24e+03 2.22e-07  -1.0   15.3  1.00e+00  1  1h
 103 -3.8821499e+02 2.01e-02 4.40e+03 2.22e-07  -1.0   14.8  1.00e+00  1  1h
 104 -3.8821498e+02 2.01e-02 4.41e+03 4.70e-07  -1.0   14.4  6.74e-02  1  4h
 106 -3.8821484e+02 2.01e-02 4.46e+03 3.11e-07  -1.0     -   4.07e-01  1 21R
 106r-3.8825582e+02 8.67e-19 1.50e+02 1.01e-02  -1.0     -   1.88e-26 10 21f
 107r-3.8793285e+02 1.97e-04 2.30e-02 4.22e-05  -1.0     -   4.17e-04  1  1f
 108r-3.8037741e+02 5.23e-02 7.93e-01 4.22e-05  -3.8     -   8.47e-02  1  1f
 109r-3.8037741e+02 5.21e-02 4.19e+00 4.22e-05  -3.8   13.4  4.38e-03  1  1f
iter    objective    inf_pr   inf_du inf_compl lg(mu) lg(rg) alpha_pr ir ls
 110r-3.8037741e+02 5.18e-02 6.36e+00 4.22e-05  -3.8   12.9  4.88e-03  1  1f
 111r-3.8037741e+02 5.17e-02 6.74e+00 4.22e-05  -3.8   12.4  2.14e-03  1  1f
 112r-3.8037741e+02 5.09e-02 7.63e+00 4.29e-05  -3.8   12.0  1.56e-02  1  1f
 113r-3.8037741e+02 5.08e-02 7.79e+00 4.27e-05  -3.8   11.5  2.07e-03  1  1f
 114r-3.8037740e+02 4.70e-02 1.44e+01 4.61e-05  -3.8   11.0  7.34e-02  1  1f
 115 -3.8037740e+02 5.16e-02 1.78e-02 2.42e-06  -1.0   10.5  5.16e-02  1  1f
 116 -3.8037726e+02 5.16e-02 1.13e+00 2.42e-06  -2.5   10.1  1.26e-03  1  1h
 117 -3.8037686e+02 5.16e-02 1.79e+00 2.41e-06  -2.5    9.6  1.20e-03  1  1h
 118 -3.8037643e+02 5.15e-02 6.18e+00 2.41e-06  -2.5    9.1  4.86e-04  1  1h
 119 -3.8037583e+02 5.15e-02 1.13e+01 2.40e-06  -2.5    8.6  3.44e-04  1  5f
iter    objective    inf_pr   inf_du inf_compl lg(mu) lg(rg) alpha_pr ir ls
 120 -3.8035243e+02 5.11e-02 1.23e+01 2.40e-06  -2.5    8.2  9.20e-03  1  1h
 121 -3.8029699e+02 5.03e-02 4.07e+01 2.39e-06  -2.5    7.7  1.79e-02  1  1h
 122 -3.8024740e+02 4.94e-02 3.65e+01 2.37e-06  -2.5    8.1  1.91e-02  1  1h
 123 -3.8024314e+02 4.92e-02 2.40e+04 2.37e-06  -2.5    9.4  9.01e-03  1  1h
 124 -3.8020435e+02 4.80e-02 2.33e+04 2.37e-06  -2.5    9.0  3.40e-02  1  1h
 125 -3.8013577e+02 4.67e-02 2.31e+04 2.34e-06  -2.5    8.5  3.34e-02  1  1h
 126 -3.8012714e+02 4.66e-02 2.31e+04 2.34e-06  -2.5    8.0  3.09e-03  1  1h
 127 -3.8003107e+02 4.49e-02 2.24e+04 2.33e-06  -2.5    8.4  4.46e-02  1  1h
 128 -3.7996516e+02 4.33e-02 2.16e+04 2.31e-06  -2.5    8.9  4.88e-02  1  1h
 129 -3.7987914e+02 4.19e-02 2.17e+04 2.27e-06  -2.5    8.4  3.77e-02  1  1h
iter    objective    inf_pr   inf_du inf_compl lg(mu) lg(rg) alpha_pr ir ls
 130 -3.7986826e+02 4.17e-02 2.17e+04 2.26e-06  -2.5    8.8  7.45e-03  1  1h
 131 -3.7982606e+02 4.03e-02 2.06e+04 2.26e-06  -2.5    9.2  5.64e-02  1  1h
 132 -3.7982236e+02 4.01e-02 2.09e+04 2.23e-06  -2.5    9.7  1.15e-02  1  1h
 133 -3.7975911e+02 3.82e-02 2.05e+04 2.17e-06  -2.5    9.2  7.36e-02  1  1h
 134 -3.7975865e+02 3.81e-02 2.13e+04 2.12e-06  -2.5   10.5  1.02e-02  1  1h
 135 -3.7975761e+02 3.78e-02 2.01e+04 2.11e-06  -2.5   10.9  6.32e-02  1  1h
 136 -3.7975625e+02 3.76e-02 1.98e+04 2.09e-06  -2.5   10.5  2.54e-02  1  1h
 137 -3.7975531e+02 3.76e-02 2.08e+04 2.03e-06  -2.5   10.0  5.38e-03  1  1h
 138 -3.7975285e+02 3.73e-02 2.08e+04 1.98e-06  -2.5   10.4  3.95e-02  1  1h
 139 -3.7974759e+02 3.69e-02 2.11e+04 1.92e-06  -2.5    9.9  2.59e-02  1  1h
iter    objective    inf_pr   inf_du inf_compl lg(mu) lg(rg) alpha_pr ir ls
 140 -3.7973689e+02 3.66e-02 2.10e+04 1.90e-06  -2.5    9.4  1.78e-02  1  1h
 141 -3.7971187e+02 3.51e-02 1.94e+04 1.86e-06  -2.5    9.9  1.06e-01  1  1h
 142 -3.7970756e+02 3.50e-02 1.99e+04 1.82e-06  -2.5    9.4  5.98e-03  1  1h
 143 -3.7967606e+02 3.35e-02 1.82e+04 1.79e-06  -2.5    9.8  1.09e-01  1  1h
 144 -3.7964855e+02 3.28e-02 1.76e+04 1.79e-06  -2.5    9.3  3.22e-02  1  1h
 145 -3.7964841e+02 3.28e-02 1.76e+04 1.79e-06  -2.5    9.8  3.92e-04  1  1h
 146 -3.7964638e+02 3.27e-02 1.76e+04 1.79e-06  -2.5    9.3  2.13e-03  1  1h
 147 -3.7964609e+02 3.27e-02 1.76e+04 1.79e-06  -2.5    9.7  7.23e-04  1  1h
 148 -3.7964389e+02 3.26e-02 1.75e+04 1.78e-06  -2.5   10.1  1.48e-02  1  1h
 149 -3.7964151e+02 3.25e-02 1.85e+04 1.68e-06  -2.5    9.7  5.32e-03  1  1h
iter    objective    inf_pr   inf_du inf_compl lg(mu) lg(rg) alpha_pr ir ls
 150 -3.7962550e+02 3.16e-02 1.69e+04 1.68e-06  -2.5   10.1  9.41e-02  1  1h
 151 -3.7961531e+02 3.13e-02 1.73e+04 1.61e-06  -2.5    9.6  1.92e-02  1  1h
 152 -3.7959532e+02 3.03e-02 2.33e+04 1.54e-06  -2.5   10.0  9.72e-02  1  1h
 153 -3.7957955e+02 2.93e-02 3.48e+04 1.46e-06  -2.5   10.5  1.97e-01  1  1h
 154 -3.7956042e+02 2.85e-02 3.95e+04 1.42e-06  -2.5   10.0  7.05e-02  1  1h
 155 -3.7955780e+02 2.84e-02 4.02e+04 1.36e-06  -2.5   10.4  2.52e-02  1  1h
 156 -3.7954856e+02 2.76e-02 4.91e+04 1.19e-06  -2.5   10.8  2.37e-01  1  1h
 157 -3.7951285e+02 2.59e-02 1.18e+05 1.17e-06  -2.5   10.4  2.70e-01  1  1h
 158 -3.7951148e+02 2.58e-02 1.26e+05 9.75e-07  -2.5   10.8  2.49e-02  1  1h
 159 -3.7950670e+02 2.55e-02 1.17e+05 7.68e-07  -2.5   11.2  2.31e-01  1  1h
iter    objective    inf_pr   inf_du inf_compl lg(mu) lg(rg) alpha_pr ir ls
 160 -3.7949833e+02 2.51e-02 1.23e+05 5.77e-07  -2.5   10.7  1.23e-01  1  1h
 161 -3.7949332e+02 2.48e-02 1.24e+05 5.79e-07  -2.5   11.2  1.90e-01  1  1h
 162 -3.7949108e+02 2.46e-02 1.07e+05 1.60e-06  -2.5   11.6  2.13e-01  1  1h
 163 -3.7947996e+02 2.41e-02 1.30e+05 9.38e-07  -2.5   11.1  3.30e-01  1  1h
 164 -3.7947996e+02 2.40e-02 6.11e+04 2.26e-07  -2.5   16.1  5.99e-01  1  1H
 165 -3.7947995e+02 2.39e-02 1.08e+05 2.79e-07  -2.5   15.6  1.00e+00  1  1h
 166 -3.7947995e+02 2.39e-02 1.16e+05 2.22e-07  -2.5   15.1  1.00e+00  1  1h
 167 -3.7947993e+02 2.39e-02 8.75e+04 2.26e-07  -2.5   14.6  1.00e+00  1  1h
 168 -3.7947988e+02 2.39e-02 6.21e+04 2.28e-07  -2.5   14.2  7.19e-01  1  1h
 169 -3.7947975e+02 2.39e-02 4.22e+04 8.50e-07  -2.5   13.7  6.35e-01  1  1h
iter    objective    inf_pr   inf_du inf_compl lg(mu) lg(rg) alpha_pr ir ls
 170 -3.7947962e+02 2.39e-02 3.69e+04 7.45e-07  -2.5   13.2  1.76e-01  1  1h
 171 -3.7947906e+02 2.39e-02 2.95e+04 6.19e-07  -2.5   12.7  2.62e-01  1  1h
 172 -3.7947859e+02 2.39e-02 2.76e+04 5.95e-07  -2.5   12.2  7.12e-02  1  1h
 173 -3.7947697e+02 2.38e-02 2.55e+04 7.43e-07  -2.5   11.8  8.10e-02  1  1h
 174 -3.7947230e+02 2.35e-02 2.37e+04 6.83e-07  -2.5   11.3  7.69e-02  1  1h
 175 -3.7946878e+02 2.34e-02 3.11e+04 1.06e-06  -2.5   11.7  1.53e-01  1  1h
 176 -3.7945956e+02 2.29e-02 4.00e+04 9.49e-07  -2.5   11.2  1.31e-01  1  1h
 177 -3.7945173e+02 2.25e-02 7.08e+04 7.44e-07  -2.5   11.7  2.93e-01  1  1h
 178 -3.7944195e+02 2.21e-02 8.52e+04 6.82e-07  -2.5   11.2  1.18e-01  1  1h
 179 -3.7944084e+02 2.20e-02 8.30e+04 1.30e-06  -2.5   11.6  3.54e-02  1  1h
iter    objective    inf_pr   inf_du inf_compl lg(mu) lg(rg) alpha_pr ir ls
 180 -3.7944025e+02 2.20e-02 8.25e+04 1.53e-06  -2.5   11.1  6.23e-03  1  1h
 181 -3.7942404e+02 2.12e-02 1.91e+05 7.99e-07  -2.5   11.6  4.55e-01  1  1h
 182 -3.7941418e+02 2.08e-02 1.93e+05 7.89e-07  -2.5   11.1  8.77e-02  1  1h
 183 -3.7939880e+02 2.01e-02 2.38e+05 6.27e-07  -2.5   11.5  3.62e-01  1  1h
 184 -3.7936817e+02 1.87e-02 3.54e+05 5.40e-07  -2.5   11.0  2.30e-01  1  1h
 185 -3.7935736e+02 1.83e-02 3.30e+05 6.36e-07  -2.5   11.5  2.11e-01  1  1h
 186 -3.7934471e+02 1.77e-02 3.29e+05 4.64e-07  -2.5   11.0  8.04e-02  1  1h
 187 -3.7933442e+02 1.73e-02 3.13e+05 4.34e-07  -2.5   11.4  1.73e-01  1  1h
 188 -3.7932563e+02 1.71e-02 2.67e+05 9.16e-07  -2.5   11.8  3.88e-01  1  1h
 189 -3.7930305e+02 1.62e-02 3.52e+05 6.78e-07  -2.5   11.4  3.20e-01  1  1h
iter    objective    inf_pr   inf_du inf_compl lg(mu) lg(rg) alpha_pr ir ls
 190 -3.7930019e+02 1.62e-02 3.22e+05 7.70e-07  -2.5   11.8  1.05e-01  1  1h
 191 -3.7929481e+02 1.62e-02 2.17e+05 4.85e-07  -2.5   12.2  5.22e-01  1  1h
 192 -3.7928163e+02 1.62e-02 2.45e+05 3.71e-07  -2.5   11.7  4.07e-01  1  1h
 193 -3.7928006e+02 1.61e-02 4.12e+04 1.14e-06  -2.5   13.1  1.00e+00  1  1h
 194 -3.7927998e+02 1.61e-02 7.06e+04 2.51e-07  -2.5   14.4  1.00e+00  1  1h
 195 -3.7927997e+02 1.61e-02 2.26e+05 2.22e-07  -2.5   15.7  1.00e+00  1  1h
 196 -3.7927997e+02 1.61e-02 6.92e+05 2.38e-07  -2.5   16.1  6.25e-02  1  5h
 197 -3.7927997e+02 1.61e-02 9.98e+05 2.22e-07  -2.5   17.5  1.00e+00  1  1h
 198 -3.7927997e+02 1.61e-02 1.23e+06 2.21e-07  -2.5   17.9  1.00e+00  1  1h
 199 -3.7927997e+02 1.61e-02 1.89e+06 2.35e-07  -2.5   17.4  2.50e-01  1  3h
iter    objective    inf_pr   inf_du inf_compl lg(mu) lg(rg) alpha_pr ir ls
 200r-3.7927997e+02 8.67e-19 1.50e+02 1.61e-03  -1.8     -   1.00e+00  1 22R
 201r-3.7885564e+02 8.45e-03 7.84e-01 1.74e-04  -1.8     -   2.25e-04  1  1f
 202r-3.7885564e+02 8.17e-03 1.11e+05 1.07e-04  -1.8   17.4  3.43e-02  1  1f
 203r-3.7885564e+02 7.97e-03 7.02e+04 4.82e-05  -1.8   16.9  2.42e-02  1  1f
 204r-3.7885564e+02 7.69e-03 5.25e+04 3.12e-05  -1.8   16.4  3.62e-02  1  1f
 205r-3.7885564e+02 6.18e-03 3.68e+04 2.29e-05  -1.8   15.9  2.05e-01  1  1f
 206r-3.7885564e+02 5.64e-03 1.35e+04 5.59e-06  -1.8   15.5  8.95e-02  1  1f
 207r-3.7885564e+02 4.73e-03 6.25e+03 2.24e-06  -1.8   15.0  1.71e-01  1  1f
 208r-3.7885564e+02 3.84e-03 4.93e+03 1.39e-06  -1.8   14.5  2.03e-01  1  1f
 209r-3.7885564e+02 2.40e-03 3.22e+03 8.77e-07  -1.8   14.0  4.52e-01  1  1f
iter    objective    inf_pr   inf_du inf_compl lg(mu) lg(rg) alpha_pr ir ls
 210r-3.7885564e+02 1.85e-03 2.42e+03 5.95e-07  -1.8   13.6  2.63e-01  1  1f
 211r-3.7885564e+02 6.29e-03 2.06e+03 5.07e-07  -1.8   13.1  1.68e-01  1  1f
 212r-3.7885564e+02 5.11e-03 1.90e+03 4.14e-07  -1.8   15.3  1.91e-01  1  1f
 213r-3.7885564e+02 1.91e-03 1.16e+03 1.30e-05  -1.8   14.8  8.45e-01  1  1f
 214r-3.7885564e+02 3.38e-04 6.12e+02 3.14e-06  -1.8   14.4  1.00e+00  1  1f
 215r-3.7885564e+02 2.37e-04 3.25e+02 2.29e-07  -1.8   13.9  9.53e-01  1  1f
 216r-3.7885564e+02 1.71e-04 2.25e+02 2.55e-07  -1.8   13.4  4.98e-01  1  1f
 217r-3.7885564e+02 1.30e-04 1.40e+02 2.43e-07  -1.8   12.9  5.82e-01  1  1f
 218r-3.7885564e+02 6.81e-05 7.60e+01 1.32e-06  -1.8   12.4  4.80e-01  1  1f
 219r-3.7885564e+02 3.00e-04 9.11e+01 1.05e-06  -1.8   12.0  4.07e-01  1  1f
iter    objective    inf_pr   inf_du inf_compl lg(mu) lg(rg) alpha_pr ir ls
 220r-3.7885564e+02 2.82e-04 8.55e+01 8.89e-07  -1.8   11.5  6.61e-02  1  1f
 221r-3.7885564e+02 2.62e-04 8.45e+01 8.30e-07  -1.8   14.6  7.26e-02  1  1f
 222r-3.7885564e+02 2.13e-04 6.87e+01 6.86e-07  -1.8   14.1  1.87e-01  1  1f
 223r-3.7885564e+02 1.08e-04 2.88e+01 6.37e-07  -1.8   13.7  1.00e+00  1  1f
 224r-3.7885564e+02 1.99e-05 2.57e+01 3.14e-07  -1.8   13.2  8.42e-01  1  1f
 225r-3.7885563e+02 9.00e-06 1.86e+01 2.31e-07  -1.8   12.7  7.38e-01  1  1f
 226r-3.7885563e+02 5.58e-06 5.12e+00 5.39e-07  -1.8   12.2  1.00e+00  1  1f
 227r-3.7885562e+02 9.09e-06 6.16e+00 3.41e-07  -1.8   11.8  1.00e+00  1  1f
 228r-3.7885561e+02 6.38e-05 9.28e+00 3.09e-07  -1.8   11.3  2.99e-01  1  1f
 229r-3.7885559e+02 2.84e-05 3.00e+00 9.98e-07  -1.8   11.7  1.00e+00  1  1f
iter    objective    inf_pr   inf_du inf_compl lg(mu) lg(rg) alpha_pr ir ls
 230r-3.7885559e+02 9.24e-06 3.57e+00 3.67e-07  -1.8   12.1  1.00e+00  1  1f
 231r-3.7885557e+02 1.29e-03 2.29e+01 2.22e-07  -1.8   11.7  1.00e+00  1  1f
 232r-3.7885557e+02 5.50e-04 3.24e+01 2.27e-07  -1.8   13.0  7.23e-01  1  1f
 233r-3.7885557e+02 2.64e-04 5.85e+00 9.81e-07  -1.8   12.5  1.00e+00  1  1f
 234r-3.7885556e+02 6.50e-05 2.68e+00 2.22e-07  -1.8   12.0  9.82e-01  1  1f
 235r-3.7885554e+02 1.59e-04 1.23e+01 4.52e-07  -1.8   11.6  1.00e+00  1  1f
 236r-3.7885554e+02 9.54e-05 1.22e+01 2.43e-07  -1.8   12.9  5.69e-01  1  1f
 237r-3.7885554e+02 4.16e-05 3.15e+00 2.68e-07  -1.8   12.4  1.00e+00  1  1f
 238r-3.7885553e+02 9.16e-07 2.56e+00 2.22e-07  -1.8   11.9  1.00e+00  1  1f
 239r-3.7885551e+02 9.72e-07 2.49e+00 2.22e-07  -1.8   11.5  1.00e+00  1  1f
iter    objective    inf_pr   inf_du inf_compl lg(mu) lg(rg) alpha_pr ir ls
 240r-3.7885543e+02 3.44e-06 2.33e+00 2.22e-07  -1.8   11.0  1.00e+00  1  1f
 241r-3.7885520e+02 1.06e-05 1.99e+00 2.22e-07  -1.8   10.5  1.00e+00  1  1f
 242r-3.7885453e+02 2.56e-05 1.08e+00 2.42e-07  -1.8   10.0  1.00e+00  1  1f
 243r-3.7885442e+02 7.22e-05 3.13e+00 2.52e-07  -1.8   10.5  4.26e-01  1  1f
 244r-3.7885367e+02 3.01e-05 1.37e+00 2.27e-07  -1.8   10.0  1.00e+00  1  1f
 245r-3.7885339e+02 8.34e-06 7.65e-01 2.38e-07  -1.8   10.4  1.00e+00  1  1f
 246r-3.7885254e+02 1.77e-04 8.27e+00 2.22e-07  -1.8    9.9  1.00e+00  1  1f
 247r-3.7885254e+02 1.31e-04 6.47e+00 2.56e-07  -1.8   12.2  2.65e-01  1  1f
 248r-3.7885253e+02 4.16e-05 6.28e-01 2.43e-07  -1.8   11.7  1.00e+00  1  1f
 249r-3.7885248e+02 4.75e-06 6.97e-01 2.22e-07  -1.8   11.2  1.00e+00  1  1f
iter    objective    inf_pr   inf_du inf_compl lg(mu) lg(rg) alpha_pr ir ls
 250r-3.7885235e+02 3.65e-07 6.27e-01 2.22e-07  -1.8   10.7  1.00e+00  1  1f
 251r-3.7885195e+02 1.88e-06 6.25e-01 2.22e-07  -1.8   10.2  1.00e+00  1  1f
 252r-3.7885150e+02 4.90e-04 7.69e+00 2.27e-07  -1.8    9.8  3.80e-01  1  1f
 253r-3.7885149e+02 4.01e-04 6.78e+00 2.26e-07  -1.8   11.1  2.04e-01  1  1f
 254r-3.7885132e+02 3.50e-05 3.05e+00 6.74e-07  -1.8   10.6  1.00e+00  1  1f
 255r-3.7885100e+02 2.51e-05 1.82e+00 3.00e-07  -1.8   10.1  6.26e-01  1  1f
 256r-3.7885049e+02 2.32e-03 4.70e+00 2.75e-07  -1.8    9.7  3.44e-01  1  1f
 257r-3.7884992e+02 1.27e-03 2.36e+00 2.61e-07  -1.8   10.1  1.00e+00  1  1f
 258r-3.7884824e+02 1.07e-04 3.17e+00 3.51e-07  -1.8    9.6  1.00e+00  1  1f
 259r-3.7884823e+02 3.48e-05 1.48e+00 2.36e-07  -1.8   11.8  6.74e-01  1  1f
iter    objective    inf_pr   inf_du inf_compl lg(mu) lg(rg) alpha_pr ir ls
 260r-3.7884820e+02 8.65e-06 6.53e-01 2.25e-07  -1.8   11.4  1.00e+00  1  1f
 261r-3.7884811e+02 1.89e-06 5.93e-01 2.22e-07  -1.8   10.9  1.00e+00  1  1f
 262r-3.7884785e+02 6.49e-06 5.90e-01 2.22e-07  -1.8   10.4  1.00e+00  1  1f
 263r-3.7884705e+02 1.28e-05 5.81e-01 2.22e-07  -1.8    9.9  1.00e+00  1  1f
 264r-3.7884468e+02 1.71e-05 5.51e-01 2.22e-07  -1.8    9.5  1.00e+00  1  1f
 265r-3.7884457e+02 5.62e-07 5.41e-01 2.25e-07  -1.8   10.8  1.00e+00  1  1f
 266r-3.7884424e+02 2.09e-04 1.53e+00 2.22e-07  -1.8   10.3  1.00e+00  1  1f
 267 -3.7884324e+02 1.75e-02 2.20e+01 2.22e-07  -2.5    9.8  1.00e+00  1  1f
 268 -3.7884026e+02 1.75e-02 2.23e+01 2.23e-07  -2.5    9.4  6.38e-03  1  1h
 269 -3.7883426e+02 1.74e-02 3.84e+01 3.28e-07  -2.5    8.9  5.89e-03  1  1h
iter    objective    inf_pr   inf_du inf_compl lg(mu) lg(rg) alpha_pr ir ls
 270 -3.7879634e+02 1.71e-02 4.64e+02 3.71e-07  -2.5    8.4  2.20e-02  1  1h
 271 -3.7870565e+02 1.64e-02 1.91e+03 3.74e-07  -2.5    7.9  3.97e-02  1  1h
 272 -3.7858195e+02 1.53e-02 3.49e+03 4.28e-07  -2.5    7.5  4.78e-02  1  1h
 273 -3.7844289e+02 1.32e-02 5.71e+03 4.05e-07  -2.5    7.0  5.16e-02  1  1H
 274 -3.7835713e+02 1.27e-02 6.93e+03 4.09e-07  -2.5    7.4  3.51e-02  1  1h
 275 -3.7827806e+02 1.22e-02 8.48e+03 4.91e-07  -2.5    7.8  3.70e-02  1  1h
 276 -3.7821540e+02 1.19e-02 9.31e+03 4.99e-07  -2.5    7.4  2.65e-02  1  1h
 277 -3.7819208e+02 1.17e-02 9.55e+03 5.22e-07  -2.5    8.7  2.03e-02  1  1h
 278 -3.7789558e+02 1.01e-02 4.47e+04 4.55e-07  -2.5    8.2  1.69e-01  1  1h
 279 -3.7789342e+02 9.95e-03 4.29e+04 4.07e-07  -2.5   10.4  5.40e-02  1  1h
iter    objective    inf_pr   inf_du inf_compl lg(mu) lg(rg) alpha_pr ir ls
 280 -3.7789112e+02 9.90e-03 4.23e+04 3.89e-07  -2.5   10.0  1.90e-02  1  1h
 281 -3.7789055e+02 9.89e-03 4.24e+04 3.96e-07  -2.5    9.5  1.74e-03  1  1h
 282 -3.7788490e+02 9.86e-03 4.22e+04 3.90e-07  -2.5    9.0  7.52e-03  1  1h
 283 -3.7781808e+02 9.68e-03 5.47e+04 6.38e-07  -2.5    8.5  4.94e-02  1  1h
 284 -3.7778528e+02 9.55e-03 6.15e+04 8.21e-07  -2.5    9.0  4.07e-02  1  1h
 285 -3.7721601e+02 8.99e-03 6.03e+05 6.78e-07  -2.5    8.5  3.91e-01  1  1h
 286 -3.7721547e+02 8.92e-03 7.86e+05 1.38e-06  -2.5   10.7  2.69e-02  1  1h
 287 -3.7718868e+02 8.39e-03 5.93e+05 1.04e-06  -2.5   10.2  4.47e-01  1  1h
 289 -3.7718861e+02 8.07e-03 5.02e+05 9.13e-07  -2.5     -   1.53e-01  1 20R
 289r-3.7716549e+02 8.67e-19 1.50e+02 8.40e-04  -2.1     -   6.15e-24 10 20f
iter    objective    inf_pr   inf_du inf_compl lg(mu) lg(rg) alpha_pr ir ls
 290r-3.7529961e+02 4.31e-01 4.09e+01 5.70e-05  -2.1     -   1.12e-03  1  1f
 291r-3.7529961e+02 4.25e-01 8.51e+01 2.84e-05  -2.1   12.0  1.51e-02  1  1f
 292r-3.7529961e+02 4.23e-01 8.83e+01 2.23e-05  -2.1   11.5  3.39e-03  1  1f
 293r-3.7529961e+02 4.19e-01 8.67e+01 1.93e-05  -2.1   11.0  1.04e-02  1  1f
 294r-3.7529960e+02 4.01e-01 4.67e+01 1.02e-05  -2.1   10.6  4.50e-02  1  1f
 295r-3.7529958e+02 3.86e-01 3.29e+01 7.30e-06  -2.1   10.1  4.02e-02  1  1f
 296r-3.7529958e+02 3.79e-01 2.01e+01 4.27e-06  -2.1   10.5  1.82e-02  1  1f
 297r-3.7529957e+02 3.70e-01 1.96e+01 4.17e-06  -2.1   10.9  2.45e-02  1  1f
 298r-3.7529957e+02 3.45e-01 2.07e+01 3.83e-06  -2.1   11.4  7.36e-02  1  1f
 299r-3.7529957e+02 3.30e-01 3.83e+02 2.81e-06  -2.1   10.9  4.34e-02  1  1f
iter    objective    inf_pr   inf_du inf_compl lg(mu) lg(rg) alpha_pr ir ls
 300r-3.7529953e+02 2.93e-01 2.67e+02 2.10e-06  -2.1   10.4  1.32e-01  1  1f
 301r-3.7529953e+02 2.82e-01 2.49e+02 2.02e-06  -2.1   10.8  3.96e-02  1  1f
 302r-3.7529947e+02 2.42e-01 1.99e+02 1.86e-06  -2.1   10.3  1.74e-01  1  1f
 303r-3.7529947e+02 2.37e-01 1.66e+02 1.50e-06  -2.1   10.8  1.91e-02  1  1h
 304r-3.7529947e+02 2.21e-01 1.36e+02 1.26e-06  -2.1   11.2  7.68e-02  1  1h
 305r-3.7529946e+02 2.05e-01 1.24e+02 1.24e-06  -2.1   10.7  7.59e-02  1  1h
 306r-3.7529946e+02 2.05e-01 1.14e+02 1.09e-06  -2.1   11.1  2.70e-03  1  1h
 307r-3.7529945e+02 1.43e-01 7.18e+01 2.20e-06  -2.1   11.6  5.16e-01  1  1h
 308r-3.7529944e+02 1.31e-01 5.25e+01 1.12e-06  -2.1   11.1  9.69e-02  1  1h
 309r-3.7529942e+02 1.19e-01 4.50e+01 1.02e-06  -2.1   10.6  1.05e-01  1  1h
iter    objective    inf_pr   inf_du inf_compl lg(mu) lg(rg) alpha_pr ir ls
 310r-3.7529926e+02 9.55e-02 3.20e+01 1.11e-06  -2.1   10.1  3.18e-01  1  1f
 311r-3.7529925e+02 9.50e-02 3.00e+01 9.19e-07  -2.1    9.7  5.64e-03  1  1f
 312r-3.7529922e+02 9.44e-02 2.96e+01 9.00e-07  -2.1    9.2  6.57e-03  1  1f
 313r-3.7529856e+02 7.56e-02 1.79e+01 6.14e-07  -2.1    9.6  3.84e-01  1  1f
 314r-3.7529850e+02 7.00e-02 1.61e+01 6.14e-07  -2.1   10.0  1.03e-01  1  1f
 315r-3.7529728e+02 5.91e-02 8.10e+00 6.21e-07  -2.1    9.6  6.26e-01  1  1f
 316r-3.7529616e+02 5.63e-02 5.36e+00 3.71e-07  -2.1    9.1  1.94e-01  1  1f
 317r-3.7529578e+02 5.55e-02 4.46e+00 4.77e-07  -2.1    9.5  1.75e-01  1  1f
 318r-3.7529578e+02 5.55e-02 4.46e+00 3.54e-07  -2.1    9.9  1.12e-04  1  1h
 319r-3.7529577e+02 5.53e-02 4.45e+00 1.01e-06  -2.1   10.4  2.65e-03  1  1h
iter    objective    inf_pr   inf_du inf_compl lg(mu) lg(rg) alpha_pr ir ls
 320r-3.7529572e+02 5.17e-02 4.16e+00 2.38e-06  -2.1    9.9  6.49e-02  1  1h
 321r-3.7529538e+02 1.32e-03 6.75e+00 5.81e-07  -2.1   10.3  9.82e-01  1  1h
 322r-3.7529537e+02 1.19e-03 6.29e+00 5.82e-07  -2.1   11.6  9.64e-02  1  1h
 323r-3.7529537e+02 1.18e-03 6.22e+00 4.68e-07  -2.1   11.2  9.04e-03  1  1h
 324r-3.7529533e+02 7.86e-04 4.39e+00 5.02e-07  -2.1   10.7  3.38e-01  1  1h
 325r-3.7529489e+02 3.74e-05 1.36e+00 5.24e-07  -2.1   10.2  1.00e+00  1  1h
 326r-3.7529358e+02 1.72e-05 5.33e-01 4.48e-07  -2.1    9.7  1.00e+00  1  1f
 327r-3.7529093e+02 1.69e-05 6.26e-01 2.81e-07  -2.1    9.3  6.76e-01  1  1f
 328r-3.7528945e+02 3.51e-05 9.15e-01 1.09e-06  -2.1    9.7  1.00e+00  1  1f
 329r-3.7528890e+02 1.00e-04 2.47e+00 3.91e-07  -2.1   10.1  1.00e+00  1  1f
iter    objective    inf_pr   inf_du inf_compl lg(mu) lg(rg) alpha_pr ir ls
 330r-3.7528886e+02 1.02e-04 3.00e+00 2.92e-07  -2.1   10.5  2.03e-01  1  1f
 331r-3.7528824e+02 2.45e-05 7.00e-01 2.89e-07  -2.1   10.1  1.00e+00  1  1f
 332r-3.7528638e+02 2.59e-06 5.32e-01 2.22e-07  -2.1    9.6  1.00e+00  1  1f
 333r-3.7528628e+02 4.40e-05 5.32e-01 2.30e-07  -2.1    9.1  1.86e-02  1  1f
 334r-3.7528418e+02 1.01e-05 5.98e-01 3.17e-07  -2.1    9.5  1.00e+00  1  1f
 335r-3.7528379e+02 1.70e-05 1.16e+00 2.37e-07  -2.1   10.0  4.98e-01  1  1f
 336r-3.7528237e+02 1.60e-04 3.00e+00 2.39e-07  -2.1    9.5  6.03e-01  1  1f
 337r-3.7528230e+02 1.46e-04 7.26e+00 4.50e-07  -2.1   10.8  6.93e-01  1  1f
 338r-3.7528197e+02 6.31e-05 2.30e+00 9.74e-07  -2.1   10.3  1.00e+00  1  1f
 339r-3.7528158e+02 5.27e-05 1.20e+00 2.50e-07  -2.1    9.9  3.91e-01  1  1f
iter    objective    inf_pr   inf_du inf_compl lg(mu) lg(rg) alpha_pr ir ls
 340r-3.7528092e+02 5.27e-04 9.38e-01 2.43e-07  -2.1    9.4  2.22e-01  1  1f
 341r-3.7527511e+02 3.21e-04 1.51e+00 2.95e-07  -2.1    8.9  6.53e-01  1  1f
 342r-3.7527445e+02 3.13e-04 1.34e+00 2.91e-07  -2.1    8.4  2.52e-02  1  1f
 343r-3.7527156e+02 2.22e-04 1.60e+00 2.85e-07  -2.1    8.8  2.91e-01  1  1f
 344r-3.7526440e+02 1.68e-04 8.30e-01 2.67e-07  -2.1    8.4  2.45e-01  1  1f
 345r-3.7525330e+02 6.39e-06 2.23e+00 1.12e-06  -2.1    8.8  1.00e+00  1  1f
 346r-3.7524937e+02 1.93e-06 3.62e-01 3.80e-07  -2.1    9.2  9.50e-01  1  1f
 347r-3.7524781e+02 2.76e-06 3.79e-01 1.14e-06  -2.1    9.6  1.00e+00  1  1f
 348r-3.7524318e+02 8.18e-05 7.59e+00 3.96e-07  -2.1    9.2  1.00e+00  1  1f
 349r-3.7524315e+02 2.99e-05 1.57e+00 2.29e-07  -2.1   11.4  1.00e+00  1  1f
iter    objective    inf_pr   inf_du inf_compl lg(mu) lg(rg) alpha_pr ir ls
 350r-3.7524307e+02 2.96e-05 1.40e+00 2.23e-07  -2.1   10.9  1.00e+00  1  1f
 351r-3.7524283e+02 8.77e-06 3.54e-01 2.57e-07  -2.1   10.4  1.00e+00  1  1f
 352r-3.7524209e+02 2.52e-07 3.50e-01 2.22e-07  -2.1   10.0  1.00e+00  1  1f
 353r-3.7523990e+02 1.66e-06 3.37e-01 2.22e-07  -2.1    9.5  1.00e+00  1  1f
 354r-3.7523337e+02 1.42e-03 1.58e+01 2.22e-07  -2.1    9.0  1.00e+00  1  1f
 355r-3.7521523e+02 6.65e-04 8.26e+00 2.50e-07  -2.1    8.5  9.47e-01  1  1f
 356r-3.7521472e+02 4.08e-04 5.26e+00 2.04e-06  -2.1    9.9  5.69e-01  1  1f
 357r-3.7521204e+02 1.69e-04 2.59e+00 5.21e-07  -2.1    9.4  1.00e+00  1  1f
 358r-3.7520408e+02 4.62e-05 1.14e+00 3.18e-07  -2.1    8.9  1.00e+00  1  1f
 359r-3.7520403e+02 8.26e-06 7.07e-01 2.32e-07  -2.1   11.1  1.00e+00  1  1f
iter    objective    inf_pr   inf_du inf_compl lg(mu) lg(rg) alpha_pr ir ls
 360r-3.7520389e+02 1.02e-05 1.70e+00 2.22e-07  -2.1   10.7  1.00e+00  1  1f
 361r-3.7520384e+02 4.15e-04 2.02e+01 2.22e-07  -2.1   11.1  9.34e-01  1  1f
 362r-3.7520368e+02 2.11e-04 9.86e+00 2.26e-07  -2.1   10.6  1.00e+00  1  1f
 363r-3.7520321e+02 6.58e-06 3.38e+00 4.30e-07  -2.1   10.1  1.00e+00  1  1f
 364r-3.7520180e+02 1.19e-05 1.45e+00 2.43e-07  -2.1    9.7  1.00e+00  1  1f
 365r-3.7519759e+02 7.17e-06 5.93e-01 2.22e-07  -2.1    9.2  1.00e+00  1  1f
 366r-3.7518520e+02 1.70e-04 9.05e-01 2.48e-07  -2.1    8.7  1.00e+00  1  1f
 367r-3.7516177e+02 6.94e-05 4.53e+00 2.31e-07  -2.1    8.2  6.69e-01  1  1f
 368r-3.7514198e+02 5.89e-05 4.55e+00 3.17e-07  -2.1    7.8  2.18e-01  1  1f
 369r-3.7511494e+02 7.67e-05 2.38e+00 5.97e-07  -2.1    8.2  7.58e-01  1  1f
iter    objective    inf_pr   inf_du inf_compl lg(mu) lg(rg) alpha_pr ir ls
 370 -3.7510467e+02 5.47e-02 3.46e+00 2.23e-07  -2.5    8.6  7.80e-01  1  1f
 371 -3.7509799e+02 5.43e-02 1.44e+01 2.25e-07  -2.5    8.1  7.81e-03  1  1h
 372 -3.7509146e+02 5.40e-02 3.20e+01 3.89e-07  -2.5    7.7  6.17e-03  1  1h
 373 -3.7507660e+02 5.33e-02 1.71e+02 3.98e-07  -2.5    7.2  1.26e-02  1  2h
 374 -3.7507595e+02 5.32e-02 1.72e+02 4.99e-07  -2.5    9.4  3.90e-03  1  1h
 375 -3.7507516e+02 5.31e-02 1.72e+02 4.73e-07  -2.5    8.9  2.10e-03  1  1h
 376 -3.7507499e+02 5.31e-02 1.76e+02 1.04e-06  -2.5    8.5  2.50e-04  1  1h
 377 -3.7507462e+02 5.30e-02 1.76e+02 1.21e-06  -2.5    8.0  3.99e-04  1  5h
 378 -3.7507073e+02 5.27e-02 1.81e+02 1.17e-06  -2.5    8.4  5.59e-03  1  4h
 379 -3.7506112e+02 5.22e-02 2.36e+02 1.71e-06  -2.5    7.9  1.02e-02  1  4h
iter    objective    inf_pr   inf_du inf_compl lg(mu) lg(rg) alpha_pr ir ls
 380 -3.7504024e+02 5.12e-02 5.05e+02 1.69e-06  -2.5    7.5  1.89e-02  1  1h
 381 -3.7503093e+02 5.08e-02 6.06e+02 1.72e-06  -2.5    7.0  7.86e-03  1  1h
 382 -3.7502701e+02 5.07e-02 6.24e+02 1.72e-06  -2.5    6.5  3.04e-03  1  1H
 383 -3.7499106e+02 4.91e-02 2.02e+03 1.91e-06  -2.5    6.9  3.03e-02  1  3h
 384 -3.7495237e+02 4.74e-02 3.38e+03 1.85e-06  -2.5    7.3  3.59e-02  1  1h
 385 -3.7492788e+02 4.61e-02 3.84e+03 1.96e-06  -2.5    7.8  2.64e-02  1  1h
 386 -3.7490291e+02 4.46e-02 4.34e+03 2.20e-06  -2.5    8.2  3.40e-02  1  1h
 387 -3.7487548e+02 4.24e-02 4.66e+03 1.97e-06  -2.5    8.6  5.44e-02  1  1h
 388 -3.7487539e+02 4.24e-02 4.76e+03 2.09e-06  -2.5    9.1  3.18e-04  1  1h
 389 -3.7487273e+02 4.18e-02 4.74e+03 2.08e-06  -2.5    9.5  1.98e-02  1  1h
iter    objective    inf_pr   inf_du inf_compl lg(mu) lg(rg) alpha_pr ir ls
 390 -3.7487162e+02 4.14e-02 4.86e+03 2.34e-06  -2.5    9.9  1.96e-02  1  1h
 391 -3.7486891e+02 4.09e-02 5.07e+03 2.83e-06  -2.5    9.4  1.77e-02  1  1h
 392 -3.7486391e+02 3.93e-02 5.05e+03 2.63e-06  -2.5    9.9  7.18e-02  1  1H
 393 -3.7486302e+02 3.91e-02 5.08e+03 2.71e-06  -2.5    9.4  4.97e-03  1  1h
 394 -3.7484920e+02 3.54e-02 5.57e+03 1.75e-06  -2.5    9.8  1.58e-01  1  1H
 395 -3.7484899e+02 3.54e-02 5.63e+03 1.94e-06  -2.5    9.3  9.71e-04  1  1h
 396 -3.7483190e+02 3.14e-02 6.13e+03 2.07e-06  -2.5    9.8  1.79e-01  1  1h
 397r-3.7482932e+02 2.17e-19 1.50e+02 3.14e-03  -1.5     -   6.15e-02  1 18R
 398r-3.7306300e+02 5.60e-02 1.22e-01 5.74e-05  -1.5     -   9.86e-04  1  1f
 399r-3.7306293e+02 5.18e-02 4.10e+00 2.51e-05  -2.3    9.7  8.41e-02  1  1f
iter    objective    inf_pr   inf_du inf_compl lg(mu) lg(rg) alpha_pr ir ls
 400r-3.7306224e+02 4.26e-02 2.60e+00 1.60e-05  -2.3    9.2  2.81e-01  1  1f
 401r-3.7306218e+02 4.04e-02 2.28e+00 1.56e-05  -2.3    9.6  6.16e-02  1  1f
 402r-3.7306210e+02 3.56e-02 4.02e+00 6.86e-06  -2.3   10.1  2.02e-01  1  1f
 403r-3.7306137e+02 3.05e-02 2.19e+00 5.05e-06  -2.3    9.6  6.10e-01  1  1f
 404r-3.7305935e+02 2.90e-02 1.56e+00 1.42e-06  -2.3    9.1  5.18e-01  1  1f
 405r-3.7305935e+02 2.89e-02 1.55e+00 1.42e-06  -2.3    9.5  2.97e-03  1  1f
 406r-3.7305932e+02 2.78e-02 1.80e+00 1.42e-06  -2.3   10.0  3.86e-02  1  1f
 407r-3.7305932e+02 2.78e-02 1.80e+00 1.37e-06  -2.3    9.5  2.32e-04  1  1f
 408r-3.7305897e+02 1.29e-02 3.80e+00 1.37e-06  -2.3    9.9  5.38e-01  1  1f
 409r-3.7305872e+02 1.12e-02 3.28e+00 7.67e-07  -2.3    9.4  1.28e-01  1  1f
iter    objective    inf_pr   inf_du inf_compl lg(mu) lg(rg) alpha_pr ir ls
 410r-3.7305477e+02 3.71e-03 1.76e+00 2.76e-07  -2.3    9.0  6.69e-01  1  1f
 411r-3.7305096e+02 2.88e-03 1.66e+00 3.65e-07  -2.3    8.5  2.23e-01  1  1f
 412r-3.7304677e+02 1.03e-03 2.64e+00 3.37e-07  -2.3    8.9  6.43e-01  1  1f
 413r-3.7303963e+02 6.35e-04 1.86e+00 5.37e-07  -2.3    8.4  3.83e-01  1  1f
 414r-3.7303960e+02 6.12e-04 1.83e+00 7.83e-07  -2.3    9.8  3.58e-02  1  1f
 415r-3.7303856e+02 5.75e-04 1.48e+00 1.01e-06  -2.3    9.3  3.87e-01  1  1f
 416r-3.7303843e+02 5.66e-04 1.45e+00 1.23e-06  -2.3    8.8  1.68e-02  1  1f
 417r-3.7303652e+02 5.18e-04 1.30e+00 1.15e-06  -2.3    8.3  8.47e-02  1  1f
 418r-3.7302988e+02 1.27e-04 5.92e-01 1.81e-06  -2.3    8.8  7.56e-01  1  1f
 419r-3.7302921e+02 1.01e-04 5.91e-01 1.37e-06  -2.3    9.2  2.03e-01  1  1f
iter    objective    inf_pr   inf_du inf_compl lg(mu) lg(rg) alpha_pr ir ls
 420r-3.7302443e+02 5.09e-05 5.89e-01 7.66e-07  -2.3    8.7  4.99e-01  1  1f
 421r-3.7302084e+02 2.60e-06 5.88e-01 2.76e-07  -2.3    9.1  1.00e+00  1  1f
 422r-3.7301326e+02 7.88e-05 5.86e-01 2.28e-07  -2.3    8.7  7.30e-01  1  1f
 423r-3.7301278e+02 5.31e-05 5.86e-01 1.27e-06  -2.3   10.0  1.00e+00  1  1f
 424r-3.7301132e+02 1.32e-05 5.84e-01 4.24e-07  -2.3    9.5  1.00e+00  1  1f
 425r-3.7300703e+02 5.00e-06 5.80e-01 2.32e-07  -2.3    9.0  1.00e+00  1  1f
 426r-3.7300208e+02 1.60e-04 1.20e+00 2.31e-07  -2.3    8.6  4.05e-01  1  1f
 427r-3.7300027e+02 2.32e-04 2.59e+00 3.38e-07  -2.3    9.0  3.91e-01  1  1f
 428r-3.7300004e+02 2.03e-04 2.25e+00 3.39e-07  -2.3    9.4  1.31e-01  1  1f
 429r-3.7299975e+02 1.19e-04 1.60e+00 5.86e-07  -2.3    9.8  4.51e-01  1  1f
iter    objective    inf_pr   inf_du inf_compl lg(mu) lg(rg) alpha_pr ir ls
 430r-3.7299970e+02 9.32e-05 1.36e+00 7.33e-07  -2.3   10.3  2.08e-01  1  2f
 431r-3.7299966e+02 5.42e-05 8.10e-01 5.41e-07  -2.3   10.7  4.13e-01  1  1h
 432r-3.7299939e+02 1.23e-05 5.10e-01 5.15e-07  -2.3   10.2  1.00e+00  1  1f
 433r-3.7299856e+02 2.99e-06 5.03e-01 5.39e-07  -2.3    9.7  1.00e+00  1  1f
 434r-3.7299612e+02 6.65e-06 4.83e-01 2.35e-07  -2.3    9.3  1.00e+00  1  1f
 435r-3.7299307e+02 5.51e-06 4.72e-01 2.60e-07  -2.3    8.8  4.28e-01  1  1f
 436r-3.7297997e+02 1.10e-04 4.57e-01 3.30e-07  -2.3    8.3  6.55e-01  1  1f
 437r-3.7297257e+02 5.52e-06 4.47e-01 3.45e-07  -2.3    8.7  1.00e+00  1  1f
 438r-3.7295304e+02 2.01e-04 7.11e-01 2.28e-07  -2.3    8.3  9.60e-01  1  1f
 439r-3.7291724e+02 3.68e-04 1.60e+00 4.29e-07  -2.3    7.8  6.99e-01  1  1f
iter    objective    inf_pr   inf_du inf_compl lg(mu) lg(rg) alpha_pr ir ls
 440r-3.7291485e+02 5.88e-05 3.90e-01 1.69e-06  -2.3    9.1  1.00e+00  1  1f
 441r-3.7291068e+02 2.39e-05 3.88e-01 7.22e-07  -2.3    8.6  6.03e-01  1  1f
 442r-3.7290809e+02 2.96e-06 3.88e-01 4.35e-07  -2.3    9.1  1.00e+00  1  1f
 443r-3.7290056e+02 1.07e-05 3.85e-01 2.36e-07  -2.3    8.6  1.00e+00  1  1f
 444r-3.7289778e+02 1.25e-06 3.82e-01 2.23e-07  -2.3    9.0  1.00e+00  1  1f
 445r-3.7289303e+02 8.80e-06 3.78e-01 2.38e-07  -2.3    8.5  5.84e-01  1  1f
 446r-3.7289013e+02 1.29e-04 1.85e+00 5.51e-07  -2.3    8.9  9.51e-01  1  1f
 447r-3.7288899e+02 1.35e-04 9.58e-01 3.29e-07  -2.3    9.4  1.00e+00  1  1f
 448r-3.7288896e+02 1.25e-04 8.02e-01 4.29e-07  -2.3    9.8  7.75e-02  1  2f
 449r-3.7288893e+02 1.04e-04 3.63e-01 2.86e-07  -2.3   10.2  1.84e-01  1  2f
iter    objective    inf_pr   inf_du inf_compl lg(mu) lg(rg) alpha_pr ir ls
 450r-3.7288890e+02 9.78e-05 3.63e-01 3.25e-07  -2.3    9.7  6.25e-02  1  5f
 451r-3.7288784e+02 2.70e-05 4.62e-01 2.40e-07  -2.3    9.3  7.40e-01  1  1f
 452r-3.7288582e+02 1.41e-05 5.02e-01 2.53e-07  -2.3    8.8  4.76e-01  1  1f
 453r-3.7288562e+02 2.35e-06 1.36e+00 7.82e-07  -2.3   10.1  1.00e+00  1  1f
 454r-3.7288561e+02 6.62e-05 1.18e+00 7.29e-07  -2.3   10.6  1.62e-01  1  1f
 455r-3.7288559e+02 6.20e-05 1.13e+00 4.12e-07  -2.3   10.1  6.25e-02  1  5f
 456r-3.7288492e+02 2.37e-06 3.57e-01 2.30e-07  -2.3    9.6  1.00e+00  1  1f
 457r-3.7288291e+02 1.18e-06 3.57e-01 2.22e-07  -2.3    9.1  1.00e+00  1  1f
 458r-3.7287697e+02 3.78e-06 3.55e-01 2.24e-07  -2.3    8.6  1.00e+00  1  1f
 459r-3.7285983e+02 3.44e-05 3.53e-01 2.22e-07  -2.3    8.2  1.00e+00  1  1f
iter    objective    inf_pr   inf_du inf_compl lg(mu) lg(rg) alpha_pr ir ls
 460 -3.7284481e+02 2.15e-02 4.71e+00 2.32e-07  -2.5    7.7  3.20e-01  1  1f
 461 -3.7283680e+02 2.13e-02 1.32e+02 2.33e-07  -2.5    7.2  1.07e-02  1  1h
 462 -3.7282024e+02 2.09e-02 8.30e+02 3.29e-07  -2.5    6.7  2.05e-02  1  1h
 463 -3.7278561e+02 2.01e-02 2.70e+03 4.64e-07  -2.5    6.3  3.57e-02  1  2h
 464 -3.7271924e+02 1.84e-02 1.57e+04 4.39e-07  -2.5    6.7  8.43e-02  1  1h
 465 -3.7271865e+02 1.84e-02 1.57e+04 4.40e-07  -2.5    8.9  2.80e-03  1  1h
 466 -3.7271703e+02 1.83e-02 1.57e+04 4.38e-07  -2.5    8.4  4.41e-03  1  1h
 467 -3.7271666e+02 1.83e-02 1.56e+04 4.38e-07  -2.5    8.9  1.66e-03  1  1h
 469 -3.7271663e+02 1.83e-02 1.56e+04 4.38e-07  -2.5     -   2.41e-04  1 10R
 469r-3.7191620e+02 1.73e-18 1.50e+02 1.83e-03  -1.7     -   8.03e-27 10 10f
iter    objective    inf_pr   inf_du inf_compl lg(mu) lg(rg) alpha_pr ir ls
 470r-3.7129041e+02 4.72e-02 2.95e-01 5.78e-05  -1.7     -   9.89e-04  1  1f
 471r-3.4678465e+02 4.18e-01 1.08e+02 4.14e-05  -1.7     -   1.73e-02  1  1f
 472r-3.4678455e+02 4.15e-01 9.84e+01 3.76e-05  -1.7    8.8  7.69e-03  1  1f
 473r-3.4678401e+02 4.08e-01 1.47e+02 3.65e-05  -1.7    8.3  1.60e-02  1  1f
 474r-3.4678398e+02 4.08e-01 1.43e+02 3.52e-05  -1.7    7.9  4.33e-04  1  1h
 475r-3.4678362e+02 4.07e-01 1.43e+02 3.45e-05  -1.7    7.4  1.96e-03  1  1h
 476r-3.4677227e+02 3.95e-01 3.96e+02 3.34e-05  -1.7    6.9  3.11e-02  1  1h
 477r-3.4677035e+02 3.91e-01 4.00e+02 2.95e-05  -1.7    7.3  1.01e-02  1  1h
 478r-3.4676909e+02 3.86e-01 5.47e+02 2.76e-05  -1.7    7.8  1.31e-02  1  1h
 479r-3.4676605e+02 3.80e-01 5.69e+02 2.49e-05  -1.7    7.3  1.50e-02  1  1h
iter    objective    inf_pr   inf_du inf_compl lg(mu) lg(rg) alpha_pr ir ls
 480r-3.4676605e+02 3.80e-01 5.62e+02 2.45e-05  -1.7    9.5  4.00e-04  1  1h
 481r-3.4676605e+02 3.78e-01 5.90e+02 2.43e-05  -1.7    9.9  4.65e-03  1  1h
 482r-3.4676601e+02 3.73e-01 6.43e+02 2.32e-05  -1.7    9.5  1.32e-02  1  1h
 483r-3.4676600e+02 3.71e-01 5.94e+02 2.13e-05  -1.7    9.9  4.88e-03  1  1h
 484r-3.4676600e+02 3.64e-01 5.56e+02 2.03e-05  -1.7   10.3  1.92e-02  1  1h
 485r-3.4676599e+02 3.63e-01 5.15e+02 1.86e-05  -1.7    9.8  3.95e-03  1  1h
 486r-3.4676596e+02 3.40e-01 4.37e+02 1.74e-05  -1.7   10.3  6.58e-02  1  1h
 487r-3.4676595e+02 3.24e-01 3.55e+02 1.52e-05  -1.7   10.7  5.03e-02  1  1h
 488r-3.4676595e+02 3.20e-01 3.31e+02 1.43e-05  -1.7   12.0  1.16e-02  1  1h
 489r-3.4676595e+02 3.11e-01 2.94e+02 1.34e-05  -1.7   11.5  3.07e-02  1  1h
iter    objective    inf_pr   inf_du inf_compl lg(mu) lg(rg) alpha_pr ir ls
 490r-3.4676595e+02 2.93e-01 2.20e+02 1.18e-05  -1.7   11.1  5.84e-02  1  1h
 491r-3.4676593e+02 2.76e-01 1.38e+02 1.02e-05  -1.7   10.6  6.41e-02  1  1h
 492r-3.4676593e+02 2.64e-01 7.91e+01 9.54e-06  -1.7   11.0  4.42e-02  1  1h
 493r-3.4676593e+02 2.62e-01 5.62e+01 9.07e-06  -1.7   11.4  8.04e-03  1  1h
 494r-3.4676593e+02 2.59e-01 5.50e+01 9.05e-06  -1.7   12.8  8.36e-03  1  1h
 495r-3.4676593e+02 2.58e-01 5.20e+01 8.43e-06  -1.7   12.3  4.24e-03  1  1h
 496r-3.4676593e+02 2.58e-01 5.13e+01 8.26e-06  -1.7   11.8  4.82e-05  1  1h
 497 -3.4676593e+02 2.59e-01 1.01e+02 7.97e+01  -2.5   11.3  2.70e-07  1  5 
 498 -3.4676593e+02 2.58e-01 1.86e+00 6.32e-05  -2.5   10.9  3.98e-04  1  1h
 499 -3.4676587e+02 2.57e-01 4.14e+02 6.29e-05  -2.5   10.4  4.18e-03  2  1h
iter    objective    inf_pr   inf_du inf_compl lg(mu) lg(rg) alpha_pr ir ls
 500 -3.4676582e+02 2.57e-01 4.76e+02 6.22e-05  -2.5    9.9  1.22e-03  2  1h
 501 -3.4676536e+02 2.56e-01 1.95e+03 6.20e-05  -2.5    9.4  5.11e-03  2  1h
 502 -3.4676486e+02 2.55e-01 2.38e+03 6.13e-05  -2.5    8.9  2.73e-03  1  1h
 503 -3.4676140e+02 2.52e-01 7.32e+03 6.06e-05  -2.5    8.5  1.08e-02  2  1h
 504 -3.4676075e+02 2.51e-01 7.90e+03 6.02e-05  -2.5    8.9  3.26e-03  1  1h
 505 -3.4676055e+02 2.49e-01 1.08e+04 5.86e-05  -2.5   10.2  1.03e-02  2  1h
 506 -3.4675919e+02 2.42e-01 4.16e+04 5.47e-05  -2.5    9.7  2.67e-02  1  1h
 507 -3.4675756e+02 2.39e-01 5.08e+04 5.34e-05  -2.5    9.3  1.34e-02  1  1h
 508 -3.4675631e+02 2.38e-01 5.18e+04 5.20e-05  -2.5    8.8  5.21e-03  1  1h
 509 -3.4675344e+02 2.36e-01 5.29e+04 5.08e-05  -2.5    8.3  7.44e-03  1  1h
iter    objective    inf_pr   inf_du inf_compl lg(mu) lg(rg) alpha_pr ir ls
 510 -3.4674933e+02 2.32e-01 6.40e+04 4.90e-05  -2.5    8.7  1.61e-02  1  1h
 511 -3.4674320e+02 2.23e-01 1.51e+05 4.57e-05  -2.5    9.2  4.26e-02  1  1h
 512 -3.4674066e+02 2.15e-01 1.95e+05 4.38e-05  -2.5    9.6  3.58e-02  1  1h
 513 -3.4673991e+02 2.10e-01 2.05e+05 4.33e-05  -2.5   10.0  2.39e-02  1  1h
 514 -3.4673931e+02 2.08e-01 2.05e+05 4.09e-05  -2.5    9.5  7.48e-03  1  1h
 515 -3.4673803e+02 2.01e-01 2.31e+05 3.86e-05  -2.5   10.0  3.58e-02  1  1h
 516 -3.4673761e+02 1.96e-01 2.35e+05 3.69e-05  -2.5   10.4  2.90e-02  1  1h
 517 -3.4673738e+02 1.88e-01 2.36e+05 3.64e-05  -2.5   10.8  3.84e-02  1  1h
 518 -3.4673701e+02 1.84e-01 2.37e+05 3.51e-05  -2.5   10.3  2.14e-02  1  1h
 519 -3.4673572e+02 1.79e-01 2.48e+05 3.39e-05  -2.5    9.9  2.68e-02  1  1h
iter    objective    inf_pr   inf_du inf_compl lg(mu) lg(rg) alpha_pr ir ls
 520 -3.4673485e+02 1.78e-01 2.48e+05 3.38e-05  -2.5    9.4  7.35e-03  1  1h
 521 -3.4673400e+02 1.75e-01 2.50e+05 3.18e-05  -2.5    9.8  1.59e-02  1  1h
 522 -3.4673363e+02 1.72e-01 2.50e+05 3.12e-05  -2.5   10.2  1.64e-02  1  1h
 523 -3.4673237e+02 1.69e-01 2.55e+05 2.82e-05  -2.5    9.8  2.08e-02  1  1h
 524 -3.4673098e+02 1.60e-01 2.84e+05 2.77e-05  -2.5   10.2  5.42e-02  1  1h
 525 -3.4673017e+02 1.49e-01 3.03e+05 2.73e-05  -2.5   10.6  7.68e-02  1  1h
 526 -3.4672991e+02 1.40e-01 2.95e+05 2.43e-05  -2.5   11.0  6.19e-02  1  1h
 527 -3.4672916e+02 1.32e-01 3.01e+05 2.34e-05  -2.5   10.6  5.85e-02  1  1h
 528 -3.4672889e+02 1.25e-01 2.94e+05 1.56e-05  -2.5   11.0  5.48e-02  1  1h
 529 -3.4672870e+02 1.14e-01 2.77e+05 1.01e-05  -2.5   11.4  9.29e-02  1  1h
iter    objective    inf_pr   inf_du inf_compl lg(mu) lg(rg) alpha_pr ir ls
 530 -3.4672843e+02 1.09e-01 2.71e+05 9.18e-06  -2.5   10.9  4.28e-02  1  1h
 531 -3.4672833e+02 1.05e-01 2.62e+05 8.98e-06  -2.5   11.4  4.14e-02  1  1h
 532 -3.4672821e+02 9.20e-02 2.36e+05 1.14e-06  -2.5   11.8  1.33e-01  1  1h
 533 -3.4672779e+02 8.02e-02 2.29e+05 1.47e-06  -2.5   11.3  1.40e-01  1  1h
 534 -3.4672755e+02 6.59e-02 2.04e+05 1.65e-06  -2.5   11.7  1.99e-01  1  1h
 535 -3.4672727e+02 3.73e-02 3.22e+05 8.11e-07  -2.5   12.2  5.65e-01  1  1h
 536 -3.4672708e+02 3.35e-02 8.93e+06 9.03e-07  -2.5   11.7  1.05e-01  1  1h
 537 -3.4672668e+02 3.13e-02 8.35e+06 1.70e-06  -2.5   11.2  7.00e-02  1  1h
 538 -3.4672609e+02 2.36e-02 6.58e+06 1.37e-06  -2.5   11.6  2.68e-01  1  1h
 539 -3.4672606e+02 1.77e-02 5.18e+06 1.01e-06  -2.5   13.0  2.70e-01  1  1h
iter    objective    inf_pr   inf_du inf_compl lg(mu) lg(rg) alpha_pr ir ls
 540 -3.4672588e+02 1.55e-02 3.51e+06 6.26e-07  -2.5   12.5  4.73e-01  1  1h
 541 -3.4672574e+02 1.55e-02 3.14e+06 8.39e-07  -2.5   12.0  1.18e-01  1  1h
 542 -3.4672522e+02 1.56e-02 2.76e+06 1.07e-06  -2.5   11.5  1.36e-01  1  1h
 543 -3.4672496e+02 1.57e-02 2.33e+06 1.53e-06  -2.5   12.0  1.80e-01  1  1h
 544 -3.4672414e+02 1.58e-02 1.98e+06 1.28e-06  -2.5   11.5  1.77e-01  1  1h
 545 -3.4672406e+02 1.58e-02 1.89e+06 1.55e-06  -2.5   11.9  4.70e-02  1  1h
 546 -3.4672292e+02 1.59e-02 1.56e+06 1.30e-06  -2.5   11.4  2.10e-01  1  1h
 547 -3.4672287e+02 1.59e-02 1.34e+06 1.13e-06  -2.5   12.8  1.59e-01  1  1h
 548 -3.4672277e+02 1.59e-02 6.40e+05 3.72e-07  -2.5   13.2  1.00e+00  1  1h
 549 -3.4672272e+02 1.59e-02 3.00e+05 2.24e-07  -2.5   13.6  1.00e+00  1  1h
iter    objective    inf_pr   inf_du inf_compl lg(mu) lg(rg) alpha_pr ir ls
 550 -3.4672272e+02 1.59e-02 2.54e+05 2.66e-07  -2.5   14.0  1.77e-01  1  1h
 551 -3.4672271e+02 1.59e-02 2.21e+05 3.51e-07  -2.5   13.6  1.44e-01  1  1h
 552 -3.4672269e+02 1.59e-02 1.03e+05 4.23e-07  -2.5   14.0  1.00e+00  1  1h
 553 -3.4672261e+02 1.59e-02 5.22e+04 2.22e-07  -2.5   13.5  1.00e+00  1  1h
 554 -3.4672247e+02 1.59e-02 6.62e+04 2.61e-07  -2.5   13.0  4.99e-01  1  1h
 555 -3.4672196e+02 1.59e-02 1.81e+05 4.93e-07  -2.5   12.6  6.02e-01  1  1h
 556 -3.4672159e+02 1.60e-02 1.68e+05 4.96e-07  -2.5   12.1  1.34e-01  1  1h
 557 -3.4672000e+02 1.60e-02 1.10e+05 5.26e-07  -2.5   11.6  1.94e-01  1  1h
 558 -3.4671925e+02 1.60e-02 1.17e+05 5.89e-07  -2.5   12.0  2.37e-01  1  1h
 559 -3.4671860e+02 1.60e-02 1.16e+05 8.35e-07  -2.5   11.6  6.78e-02  1  1h
iter    objective    inf_pr   inf_du inf_compl lg(mu) lg(rg) alpha_pr ir ls
 560 -3.4671715e+02 1.60e-02 1.73e+05 5.61e-07  -2.5   12.0  3.99e-01  1  1h
 561 -3.4671608e+02 1.59e-02 1.88e+05 2.89e-07  -2.5   12.4  7.57e-01  1  1h
 562 -3.4671556e+02 1.59e-02 1.76e+05 6.29e-07  -2.5   11.9  1.16e-01  1  1h
 563 -3.4671433e+02 1.60e-02 2.04e+05 4.75e-07  -2.5   12.4  7.24e-01  1  1h
 564 -3.4671394e+02 1.60e-02 1.94e+05 6.80e-07  -2.5   11.9  7.25e-02  1  1h
 565 -3.4671285e+02 1.60e-02 1.89e+05 3.59e-07  -2.5   12.3  5.37e-01  1  1h
 566 -3.4671077e+02 1.60e-02 2.33e+05 3.32e-07  -2.5   11.8  3.29e-01  1  1h
 567 -3.4670962e+02 1.60e-02 2.10e+05 7.59e-07  -2.5   12.3  4.75e-01  1  1h
 568 -3.4670869e+02 1.59e-02 1.50e+05 5.13e-07  -2.5   12.7  1.00e+00  1  1h
 569 -3.4670832e+02 1.59e-02 5.93e+04 2.64e-07  -2.5   13.1  9.90e-01  1  1h
iter    objective    inf_pr   inf_du inf_compl lg(mu) lg(rg) alpha_pr ir ls
 570 -3.4670817e+02 1.59e-02 2.32e+04 2.15e-06  -2.5   13.5  1.00e+00  1  1h
 571r-3.4670816e+02 8.67e-19 1.50e+02 1.59e-03  -1.8     -   1.00e+00  1 22R
 572r-3.4638438e+02 3.68e-04 4.07e-01 1.73e-04  -1.8     -   2.31e-04  1  1f
 573r-3.1510945e+02 2.29e-01 7.16e+01 1.01e-04  -1.8     -   2.12e-02  1  1f
 574r-3.1510945e+02 2.29e-01 8.60e+01 1.01e-04  -1.8   14.4  1.17e-03  1  1f
 575r-3.1510945e+02 2.28e-01 1.50e+02 1.00e-04  -1.8   13.9  2.82e-03  1  1f
 576r-3.1510945e+02 2.28e-01 1.74e+02 9.90e-05  -1.8   13.4  2.59e-03  1  1f
 577r-3.1510945e+02 2.26e-01 2.01e+02 9.66e-05  -1.8   13.0  9.69e-03  1  1f
 578r-3.1510945e+02 2.26e-01 2.00e+02 9.56e-05  -1.8   12.5  3.38e-04  1  2f
 579r-3.1510945e+02 2.25e-01 1.99e+02 9.48e-05  -1.8   12.0  2.82e-03  1  1f
iter    objective    inf_pr   inf_du inf_compl lg(mu) lg(rg) alpha_pr ir ls
 580r-3.1510945e+02 2.24e-01 2.01e+02 9.37e-05  -1.8   12.4  4.91e-03  1  1f
 581r-3.1510945e+02 2.23e-01 1.98e+02 9.15e-05  -1.8   11.9  4.16e-03  1  1f
 582r-3.1510945e+02 2.21e-01 1.99e+02 8.80e-05  -1.8   12.4  1.08e-02  1  1f
 583r-3.1510945e+02 2.18e-01 1.95e+02 8.48e-05  -1.8   11.9  1.41e-02  1  1f
 584r-3.1510945e+02 2.15e-01 1.90e+02 7.91e-05  -1.8   12.3  9.54e-03  1  1h
 585r-3.1510945e+02 2.13e-01 1.87e+02 7.66e-05  -1.8   11.8  1.38e-02  1  1h
 586r-3.1510945e+02 2.10e-01 1.88e+02 7.43e-05  -1.8   12.3  1.14e-02  1  1h
 587r-3.1510945e+02 2.08e-01 1.81e+02 7.02e-05  -1.8   11.8  1.14e-02  1  1h
 588r-3.1510945e+02 2.04e-01 1.84e+02 6.83e-05  -1.8   12.2  1.70e-02  1  1h
 589r-3.1510945e+02 2.00e-01 1.80e+02 6.56e-05  -1.8   11.7  1.99e-02  1  1h
iter    objective    inf_pr   inf_du inf_compl lg(mu) lg(rg) alpha_pr ir ls
 590r-3.1510945e+02 1.98e-01 1.78e+02 6.29e-05  -1.8   12.2  9.22e-03  1  1h
 591r-3.1510945e+02 1.95e-01 1.93e+02 5.98e-05  -1.8   12.6  1.75e-02  1  1h
 592r-3.1510945e+02 1.94e-01 1.89e+02 5.72e-05  -1.8   12.1  6.78e-03  1  1h
 593r-3.1510945e+02 1.89e-01 2.07e+02 5.71e-05  -1.8   12.5  2.28e-02  1  1h
 594r-3.1510945e+02 1.82e-01 2.03e+02 5.41e-05  -1.8   12.1  3.82e-02  1  1h
 595r-3.1510945e+02 1.81e-01 1.99e+02 5.23e-05  -1.8   12.5  6.95e-03  1  1h
 596r-3.1510945e+02 1.79e-01 1.94e+02 4.93e-05  -1.8   12.9  1.47e-02  1  1h
 597r-3.1510945e+02 1.74e-01 2.01e+02 4.83e-05  -1.8   12.4  2.36e-02  1  1h
 598r-3.1510945e+02 1.70e-01 2.45e+02 4.64e-05  -1.8   12.9  2.35e-02  1  1h
 599r-3.1510945e+02 1.68e-01 2.49e+02 4.49e-05  -1.8   12.4  1.72e-02  1  1h
iter    objective    inf_pr   inf_du inf_compl lg(mu) lg(rg) alpha_pr ir ls
 600r-3.1510945e+02 1.60e-01 3.09e+02 4.12e-05  -1.8   12.8  4.41e-02  1  1h
 601r-3.1510945e+02 1.59e-01 3.05e+02 3.97e-05  -1.8   12.3  8.28e-03  1  1h
 602r-3.1510945e+02 1.53e-01 3.65e+02 3.95e-05  -1.8   12.8  4.17e-02  1  1h
 603r-3.1510945e+02 1.52e-01 3.59e+02 3.82e-05  -1.8   12.3  8.22e-03  1  1h
 604r-3.1510945e+02 1.45e-01 4.02e+02 3.66e-05  -1.8   12.7  4.35e-02  1  1h
 605r-3.1510945e+02 1.39e-01 3.95e+02 3.46e-05  -1.8   12.2  4.29e-02  1  1h
 606r-3.1510945e+02 1.38e-01 4.01e+02 3.34e-05  -1.8   12.7  1.22e-02  1  1h
 607r-3.1510945e+02 1.32e-01 3.89e+02 3.13e-05  -1.8   12.2  4.38e-02  1  1h
 608r-3.1510945e+02 1.30e-01 5.07e+02 3.02e-05  -1.8   13.5  1.53e-02  1  1h
 609r-3.1510945e+02 1.25e-01 5.11e+02 2.98e-05  -1.8   13.0  3.77e-02  1  1h
iter    objective    inf_pr   inf_du inf_compl lg(mu) lg(rg) alpha_pr ir ls
 610r-3.1510945e+02 1.23e-01 5.35e+02 2.88e-05  -1.8   13.5  1.62e-02  1  1h
 611r-3.1510945e+02 1.19e-01 5.05e+02 2.71e-05  -1.8   13.0  3.40e-02  1  1h
 612r-3.1510945e+02 1.15e-01 4.86e+02 2.62e-05  -1.8   13.4  3.23e-02  1  1h
 613r-3.1510945e+02 1.10e-01 4.53e+02 2.45e-05  -1.8   12.9  4.68e-02  1  1h
 614r-3.1510945e+02 1.07e-01 4.38e+02 2.37e-05  -1.8   13.4  2.54e-02  1  1h
 615r-3.1510945e+02 1.02e-01 4.09e+02 2.23e-05  -1.8   12.9  5.46e-02  1  1h
 616r-3.1510945e+02 9.64e-02 4.80e+02 2.11e-05  -1.8   13.3  5.67e-02  1  1h
 617r-3.1510945e+02 9.35e-02 4.78e+02 2.02e-05  -1.8   12.8  3.04e-02  1  1h
 618r-3.1510945e+02 8.97e-02 5.15e+02 1.85e-05  -1.8   13.3  4.27e-02  1  1h
 619r-3.1510945e+02 7.65e-02 9.27e+02 1.73e-05  -1.8   13.7  1.71e-01  1  1h
iter    objective    inf_pr   inf_du inf_compl lg(mu) lg(rg) alpha_pr ir ls
 620r-3.1510945e+02 6.73e-02 8.09e+02 1.51e-05  -1.8   13.2  1.36e-01  1  1h
 621r-3.1510945e+02 6.55e-02 7.81e+02 1.42e-05  -1.8   13.6  2.67e-02  1  1h
 622r-3.1510945e+02 5.97e-02 7.32e+02 1.29e-05  -1.8   14.1  9.73e-02  1  1h
 623r-3.1510945e+02 5.74e-02 7.07e+02 1.22e-05  -1.8   13.6  4.05e-02  1  1h
 624r-3.1510945e+02 5.26e-02 6.74e+02 1.13e-05  -1.8   14.0  9.02e-02  1  1h
 625r-3.1510945e+02 4.97e-02 6.41e+02 1.04e-05  -1.8   13.5  5.81e-02  1  1h
 626r-3.1510945e+02 4.02e-02 5.92e+02 9.72e-06  -1.8   14.0  2.33e-01  1  1h
 627r-3.1510945e+02 2.92e-02 4.79e+02 7.21e-06  -1.8   13.5  3.67e-01  1  1h
 628r-3.1510945e+02 2.58e-02 4.36e+02 5.18e-06  -1.8   13.9  1.32e-01  1  1h
 629r-3.1510945e+02 2.08e-02 4.20e+02 4.84e-06  -1.8   14.3  2.35e-01  1  1h
iter    objective    inf_pr   inf_du inf_compl lg(mu) lg(rg) alpha_pr ir ls
 630r-3.1510945e+02 1.14e-02 6.31e+02 3.98e-06  -1.8   13.9  7.40e-01  1  1h
 631r-3.1510945e+02 1.05e-02 1.48e+03 3.65e-06  -1.8   15.2  8.98e-02  1  1h
 632r-3.1510945e+02 9.02e-03 1.51e+03 3.62e-06  -1.8   14.7  1.41e-01  1  1h
 633r-3.1510945e+02 7.14e-03 1.60e+03 3.56e-06  -1.8   15.1  2.08e-01  1  1h
 634r-3.1510945e+02 5.91e-03 8.24e+03 2.99e-06  -1.8   14.7  5.34e-01  1  1h
 635r-3.1510945e+02 5.83e-03 8.21e+03 2.84e-06  -1.8   16.9  1.29e-02  1  1h
 636r-3.1510945e+02 5.79e-03 8.24e+03 2.77e-06  -1.8   16.4  7.59e-03  1  7f
 637r-3.1510945e+02 3.11e-03 9.02e+03 2.53e-06  -1.8   16.8  4.69e-01  1  1h
 638r-3.1510945e+02 2.84e-03 1.10e+04 1.12e-06  -1.8   16.4  1.52e-01  1  1f
 639r-3.1510945e+02 2.67e-03 9.84e+03 2.63e-07  -1.8   15.9  6.14e-02  1  1h
iter    objective    inf_pr   inf_du inf_compl lg(mu) lg(rg) alpha_pr ir ls
 640r-3.1510945e+02 4.31e-04 2.30e+03 2.38e-07  -1.8   15.4  1.00e+00  1  1h
 641r-3.1510945e+02 3.80e-05 6.78e+02 2.22e-07  -1.8   14.9  1.00e+00  1  1f
 642r-3.1510945e+02 1.56e-04 5.35e+02 2.22e-07  -1.8   14.4  1.00e+00  1  1f
 643r-3.1510945e+02 3.51e-04 3.68e+02 2.22e-07  -1.8   14.0  1.00e+00  1  1f
 644r-3.1510945e+02 3.81e-04 2.51e+02 2.27e-07  -1.8   13.5  7.72e-01  1  1f
 645r-3.1510945e+02 3.32e-04 2.15e+02 5.33e-07  -1.8   13.0  3.57e-01  1  1f
 646r-3.1510945e+02 2.05e-03 1.42e+03 3.74e-07  -1.8   12.5  4.08e-01  1  1f
 647r-3.1510944e+02 9.25e-04 7.11e+02 3.69e-07  -1.8   13.0  1.00e+00  1  1f
 648r-3.1510944e+02 4.50e-04 4.15e+02 4.52e-07  -1.8   12.5  5.33e-01  1  1f
 649r-3.1510944e+02 5.10e-04 2.65e+02 3.10e-07  -1.8   12.0  4.79e-01  1  1f
iter    objective    inf_pr   inf_du inf_compl lg(mu) lg(rg) alpha_pr ir ls
 650r-3.1510944e+02 3.06e-04 1.56e+02 1.03e-06  -1.8   12.4  5.84e-01  1  1f
 651r-3.1510943e+02 2.79e-04 1.20e+02 8.17e-07  -1.8   12.0  2.73e-01  1  1f
 652r-3.1510942e+02 3.34e-04 8.97e+01 6.50e-07  -1.8   11.5  3.15e-01  1  1f
 653r-3.1510942e+02 2.69e-04 6.64e+01 5.11e-07  -1.8   11.9  3.23e-01  1  1f
 654r-3.1510939e+02 4.83e-04 3.69e+01 3.14e-07  -1.8   11.4  6.77e-01  1  1f
 655r-3.1510939e+02 3.94e-04 3.07e+01 2.96e-07  -1.8   11.9  1.96e-01  1  1f
 656r-3.1510934e+02 4.25e-04 1.93e+01 8.52e-07  -1.8   11.4  1.00e+00  1  1f
 657r-3.1510932e+02 6.66e-05 1.68e+01 3.07e-07  -1.8   11.8  9.25e-01  1  1f
 658r-3.1510931e+02 5.97e-05 1.60e+01 3.09e-07  -1.8   11.3  1.75e-01  1  1f
 659r-3.1510929e+02 2.78e-05 1.40e+01 7.09e-07  -1.8   11.8  1.00e+00  1  1f
iter    objective    inf_pr   inf_du inf_compl lg(mu) lg(rg) alpha_pr ir ls
 660r-3.1510926e+02 5.24e-05 1.19e+01 4.10e-07  -1.8   11.3  6.21e-01  1  1f
 661r-3.1510911e+02 1.88e-04 8.32e+00 2.54e-07  -1.8   10.8  8.20e-01  1  1f
 662r-3.1510910e+02 1.41e-04 7.97e+00 3.33e-07  -1.8   11.2  2.60e-01  1  1f
 663r-3.1510906e+02 4.13e-04 7.44e+00 2.94e-07  -1.8   10.8  1.94e-01  1  1f
 664r-3.1510901e+02 2.75e-04 6.79e+00 2.93e-07  -1.8   11.2  5.83e-01  1  1f
 665r-3.1510899e+02 2.48e-04 6.58e+00 3.37e-07  -1.8   10.7  9.57e-02  1  1f
 666r-3.1510874e+02 1.56e-04 5.92e+00 3.04e-07  -1.8   10.2  3.79e-01  1  1f
 667r-3.1510874e+02 1.66e-05 1.90e+01 6.23e-07  -1.8   13.4  1.00e+00  1  1h
 668r-3.1510874e+02 1.37e-05 1.49e+01 2.83e-07  -1.8   13.8  1.00e+00  1  1f
 669r-3.1510874e+02 2.30e-07 1.86e+01 2.23e-07  -1.8   14.2  1.00e+00  1  1f
iter    objective    inf_pr   inf_du inf_compl lg(mu) lg(rg) alpha_pr ir ls
 670r-3.1510874e+02 9.34e-05 9.07e+01 2.22e-07  -1.8   13.7  1.00e+00  1  1f
 671r-3.1510874e+02 6.89e-06 4.14e+01 2.22e-07  -1.8   13.3  1.00e+00  1  1h
 672r-3.1510874e+02 4.62e-06 1.89e+01 2.22e-07  -1.8   12.8  1.00e+00  1  1f
 673r-3.1510873e+02 3.10e-06 8.67e+00 2.22e-07  -1.8   12.3  1.00e+00  1  1f
 674r-3.1510871e+02 7.19e-06 5.13e+00 2.22e-07  -1.8   11.8  1.00e+00  1  1f
 675r-3.1510866e+02 4.18e-06 4.79e+00 2.22e-07  -1.8   11.3  1.00e+00  1  1f
 676r-3.1510851e+02 2.27e-05 4.08e+00 3.15e-07  -1.8   10.9  1.00e+00  1  1f
 677r-3.1510828e+02 3.15e-05 3.48e+00 2.63e-07  -1.8   10.4  5.14e-01  1  1f
 678r-3.1510725e+02 1.11e-04 2.44e+00 4.37e-07  -1.8    9.9  7.62e-01  1  1f
 679r-3.1510674e+02 2.21e-05 2.06e+00 3.83e-07  -1.8   10.3  1.00e+00  1  1f
iter    objective    inf_pr   inf_du inf_compl lg(mu) lg(rg) alpha_pr ir ls
 680r-3.1510655e+02 2.31e-06 1.92e+00 2.93e-07  -1.8   10.8  1.00e+00  1  1f
 681r-3.1510599e+02 8.99e-04 2.91e+02 2.53e-07  -1.8   10.3  1.00e+00  1  1f
 682r-3.1510597e+02 1.12e-02 8.82e+03 2.33e-07  -1.8   11.6  5.75e-01  1  1f
 683r-3.1510589e+02 5.58e-03 4.41e+03 3.07e-07  -1.8   11.1  1.00e+00  1  1f
 684r-3.1510586e+02 6.51e-04 1.83e+03 1.40e-06  -1.8   11.6  1.00e+00  1  1h
 685r-3.1510585e+02 2.80e-04 6.70e+02 3.41e-07  -1.8   12.0  1.00e+00  1  1f
 686r-3.1510584e+02 4.60e-04 2.99e+02 2.29e-07  -1.8   12.4  1.00e+00  1  1f
 687r-3.1510584e+02 2.78e-04 1.39e+02 2.22e-07  -1.8   12.8  1.00e+00  1  1f
 688r-3.1510584e+02 1.88e-04 6.45e+01 2.34e-07  -1.8   12.4  1.00e+00  1  1f
 689r-3.1510582e+02 1.28e-04 3.00e+01 2.24e-07  -1.8   11.9  1.00e+00  1  1f
iter    objective    inf_pr   inf_du inf_compl lg(mu) lg(rg) alpha_pr ir ls
 690r-3.1510578e+02 8.62e-05 1.40e+01 2.22e-07  -1.8   11.4  1.00e+00  1  1f
 691r-3.1510565e+02 5.83e-05 6.49e+00 2.22e-07  -1.8   10.9  1.00e+00  1  1f
 692r-3.1510527e+02 3.90e-05 3.00e+00 2.22e-07  -1.8   10.5  1.00e+00  1  1f
 693r-3.1510412e+02 2.56e-05 1.37e+00 2.22e-07  -1.8   10.0  1.00e+00  1  1f
 694r-3.1510407e+02 2.44e-06 1.18e+00 2.31e-07  -1.8   11.3  1.00e+00  1  1f
 695r-3.1510399e+02 4.75e-05 1.12e+00 2.41e-07  -1.8   10.8  4.71e-01  1  1f
 696r-3.1510351e+02 1.60e-05 1.04e+00 2.54e-07  -1.8   10.4  1.00e+00  1  1f
 697r-3.1510235e+02 1.75e-05 1.02e+00 2.27e-07  -1.8    9.9  7.95e-01  1  1f
 698r-3.1510229e+02 6.20e-06 1.11e+00 6.46e-07  -1.8   11.2  1.00e+00  1  1f
 699r-3.1510208e+02 6.36e-03 1.40e+04 2.91e-07  -1.8   10.7  1.00e+00  1  1f
iter    objective    inf_pr   inf_du inf_compl lg(mu) lg(rg) alpha_pr ir ls
 700r-3.1510147e+02 3.19e-03 6.98e+03 2.46e-07  -1.8   10.3  1.00e+00  1  1f
 701r-3.1510147e+02 1.97e-03 1.31e+03 5.11e-07  -1.8   16.1  1.00e+00  1  1h
 702r-3.1510147e+02 1.52e-03 1.43e+03 2.39e-07  -1.8   15.6  2.31e-01  1  1f
 703r-3.1510147e+02 1.22e-03 8.40e+02 2.44e-07  -1.8   15.1  2.50e-01  1  3f
 704r-3.1510147e+02 6.17e-04 2.20e+02 3.55e-07  -1.8   14.7  1.00e+00  1  1h
 705r-3.1510147e+02 5.16e-04 1.50e+02 3.57e-07  -1.8   14.2  1.71e-01  1  1f
 706r-3.1510147e+02 4.48e-04 1.10e+02 2.40e-07  -1.8   13.7  1.51e-01  1  2f
 707r-3.1510147e+02 2.13e-04 3.70e+01 2.69e-07  -1.8   13.2  1.00e+00  1  1h
 708r-3.1510147e+02 7.89e-05 7.14e+00 2.22e-07  -1.8   12.8  1.00e+00  1  1f
 709r-3.1510146e+02 1.94e-05 2.03e+00 2.22e-07  -1.8   12.3  1.00e+00  1  1f
iter    objective    inf_pr   inf_du inf_compl lg(mu) lg(rg) alpha_pr ir ls
 710r-3.1510145e+02 8.31e-07 1.09e+00 2.54e-07  -1.8   11.8  1.00e+00  1  1f
 711r-3.1510140e+02 5.46e-07 8.34e-01 2.22e-07  -1.8   11.3  1.00e+00  1  1f
 712r-3.1510124e+02 2.15e-07 8.22e-01 2.22e-07  -1.8   10.9  1.00e+00  1  1f
 713r-3.1510078e+02 2.17e-06 7.89e-01 2.22e-07  -1.8   10.4  1.00e+00  1  1f
 714r-3.1510060e+02 6.43e-07 7.77e-01 2.22e-07  -1.8   10.8  1.00e+00  1  1f
 715r-3.1510008e+02 1.19e-05 8.53e-01 2.22e-07  -1.8   10.3  1.00e+00  1  1f
 716r-3.1509993e+02 2.81e-05 7.36e-01 2.24e-07  -1.8   10.8  7.64e-01  1  1f
 717r-3.1509935e+02 1.11e-05 7.05e-01 2.28e-07  -1.8   10.3  1.00e+00  1  1f
 718 -3.1509760e+02 3.69e-02 1.09e+00 2.22e-07  -2.5    9.8  1.00e+00  1  1f
 719 -3.1509665e+02 3.67e-02 1.26e+02 2.23e-07  -2.5    9.3  5.83e-03  1  1h
iter    objective    inf_pr   inf_du inf_compl lg(mu) lg(rg) alpha_pr ir ls
 720 -3.1509660e+02 3.66e-02 1.61e+02 2.81e-07  -2.5   10.6  5.01e-03  1  1h
 721 -3.1509655e+02 3.63e-02 2.23e+02 4.57e-07  -2.5   11.1  9.63e-03  1  1h
 722 -3.1509653e+02 3.61e-02 2.93e+02 1.31e-06  -2.5   11.5  1.31e-02  1  1h
 723 -3.1509632e+02 3.52e-02 1.77e+03 1.75e-06  -2.5   11.0  4.06e-02  1  1h
 724 -3.1509597e+02 3.45e-02 3.04e+03 2.20e-06  -2.5   10.5  2.26e-02  1  1h
 725 -3.1509495e+02 3.38e-02 5.48e+03 2.47e-06  -2.5   10.1  2.33e-02  1  1h
 726r-3.1509495e+02 1.73e-18 1.50e+02 3.38e-03  -1.5     -   1.20e-01  1 19R
 727r-3.1334660e+02 3.51e-01 5.62e+00 5.43e-05  -1.5     -   1.00e-03  1  1f
 728r-3.1334660e+02 3.30e-01 2.00e+02 1.47e-05  -1.5   12.7  6.61e-02  1  1f
 729r-3.1334660e+02 3.22e-01 1.83e+02 1.33e-05  -1.5   12.2  2.27e-02  1  1f
iter    objective    inf_pr   inf_du inf_compl lg(mu) lg(rg) alpha_pr ir ls
 730r-3.1334660e+02 2.83e-01 8.77e+01 6.43e-06  -1.5   11.8  1.38e-01  1  1h
 731r-3.1334659e+02 2.73e-01 8.06e+01 6.04e-06  -1.5   11.3  3.65e-02  1  1h
 732r-3.1334653e+02 1.86e-01 5.02e+01 5.51e-06  -1.5   10.8  4.63e-01  1  1h
 733r-3.1334628e+02 1.15e-01 2.45e+01 4.37e-06  -1.5   10.3  6.19e-01  1  1h
 734r-3.1334527e+02 6.18e-02 8.75e+00 5.64e-07  -1.5    9.9  8.34e-01  1  1h
 735r-3.1334164e+02 3.01e-02 1.57e+00 3.72e-07  -1.5    9.4  1.00e+00  1  1f
 736r-3.1334160e+02 2.92e-02 1.53e+00 3.67e-07  -1.5    9.8  2.91e-02  1  2f
 737r-3.1334109e+02 1.38e-02 8.02e-01 1.61e-06  -1.5   10.2  1.00e+00  1  1h
 738r-3.1333956e+02 6.15e-03 1.01e+00 2.39e-07  -1.5    9.8  1.00e+00  1  1f
 739 -3.1333502e+02 8.58e-03 9.58e-01 2.22e-07  -2.5    9.3  1.00e+00  1  1f
iter    objective    inf_pr   inf_du inf_compl lg(mu) lg(rg) alpha_pr ir ls
 740 -3.1332542e+02 8.52e-03 4.24e+02 2.22e-07  -2.5    8.8  2.84e-02  1  1h
 741 -3.1331073e+02 8.36e-03 6.65e+02 3.01e-07  -2.5    8.3  2.66e-02  1  1H
 742 -3.1330954e+02 8.29e-03 7.78e+02 3.00e-07  -2.5    9.7  1.37e-02  1  1h
 743 -3.1330349e+02 8.11e-03 1.43e+03 4.21e-07  -2.5    9.2  3.04e-02  1  1h
 744 -3.1329657e+02 7.79e-03 5.28e+03 4.87e-07  -2.5    9.6  7.18e-02  1  1h
 745 -3.1329263e+02 7.49e-03 1.13e+04 6.01e-07  -2.5   10.0  9.13e-02  1  1h
 746 -3.1329023e+02 7.21e-03 2.58e+04 9.81e-07  -2.5   10.5  1.30e-01  1  1h
 747 -3.1328876e+02 7.12e-03 5.28e+04 1.30e-06  -2.5   10.9  1.87e-01  1  1h
 748 -3.1328752e+02 7.28e-03 5.41e+06 2.50e-06  -2.5   11.3  3.65e-01  1  1h
 749 -3.1328338e+02 7.48e-03 2.45e+06 1.73e-06  -2.5   10.8  3.34e-01  1  1h
iter    objective    inf_pr   inf_du inf_compl lg(mu) lg(rg) alpha_pr ir ls
 750 -3.1328177e+02 7.57e-03 1.10e+07 1.45e-06  -2.5   11.3  2.94e-01  1  1h
 751 -3.1328177e+02 7.57e-03 9.06e+06 1.53e-06  -2.5   13.5  5.87e-02  1  5h
 753 -3.1328166e+02 7.58e-03 6.49e+06 2.88e-07  -2.5     -   9.18e-01  1 22R
 753r-3.1327662e+02 4.34e-19 1.50e+02 7.57e-04  -2.1     -   1.15e-25 10 22f
 754r-3.1156562e+02 2.72e-02 2.22e+00 6.09e-05  -2.1     -   9.93e-04  1  1f
 755r-3.1156562e+02 2.68e-02 3.78e+01 1.52e-05  -2.1   12.5  1.33e-02  1  1f
 756r-3.1156562e+02 2.68e-02 7.18e+01 1.28e-05  -2.1   12.1  1.57e-03  1  1f
 757r-3.1156562e+02 2.60e-02 2.82e+02 1.27e-05  -2.1   11.6  4.46e-02  1  1f
 758r-3.1156562e+02 2.54e-02 2.51e+02 1.14e-05  -2.1   11.1  2.08e-02  1  1f
 759r-3.1156559e+02 2.31e-02 1.78e+02 8.56e-06  -2.1   10.6  9.30e-02  1  1f
iter    objective    inf_pr   inf_du inf_compl lg(mu) lg(rg) alpha_pr ir ls
 760r-3.1156555e+02 2.20e-02 1.09e+02 4.30e-06  -2.1   10.2  4.74e-02  1  1f
 761r-3.1156494e+02 1.65e-02 1.27e+03 1.17e-06  -2.1    9.7  2.52e-01  1  1f
 762r-3.1156394e+02 1.42e-02 7.20e+02 6.40e-07  -2.1    9.2  1.35e-01  1  1f
 763 -3.1156263e+02 2.60e-02 8.53e+00 2.45e-07  -2.5    9.6  4.75e-01  1  1h
 764 -3.1156102e+02 2.58e-02 5.89e+01 2.72e-07  -2.5    9.1  8.72e-03  1  1h
 765 -3.1155760e+02 2.56e-02 1.38e+02 2.44e-07  -2.5    8.7  9.72e-03  1  1h
 766 -3.1155298e+02 2.54e-02 1.94e+02 2.73e-07  -2.5    8.2  8.42e-03  1  1h
 767 -3.1152743e+02 2.46e-02 8.86e+02 4.62e-07  -2.5    7.7  3.54e-02  1  1H
 768 -3.1152640e+02 2.46e-02 8.88e+02 4.62e-07  -2.5    8.1  1.87e-03  1  1h
 769 -3.1152594e+02 2.45e-02 9.02e+02 4.62e-07  -2.5    9.5  4.44e-03  1  1h
iter    objective    inf_pr   inf_du inf_compl lg(mu) lg(rg) alpha_pr ir ls
 770 -3.1152430e+02 2.43e-02 9.43e+02 4.61e-07  -2.5    9.0  7.27e-03  1  1h
 771 -3.1152327e+02 2.42e-02 1.01e+03 4.62e-07  -2.5    9.4  9.00e-03  1  1h
 772 -3.1151121e+02 2.32e-02 2.94e+03 4.53e-07  -2.5    8.9  4.93e-02  1  1h
 773 -3.1150616e+02 2.25e-02 4.13e+03 4.95e-07  -2.5    9.4  3.98e-02  1  1h
 774 -3.1148909e+02 2.12e-02 7.42e+03 4.83e-07  -2.5    8.9  6.30e-02  1  1h
 775 -3.1148749e+02 2.07e-02 1.10e+04 5.48e-07  -2.5   10.2  6.62e-02  1  1h
 776 -3.1148524e+02 1.96e-02 4.51e+04 7.20e-07  -2.5   10.6  2.24e-01  1  1h
 777 -3.1148518e+02 1.96e-02 2.34e+04 3.81e-07  -2.5   12.9  7.96e-01  1  1h
 778 -3.1148517e+02 1.96e-02 1.87e+04 4.01e-07  -2.5   13.3  2.63e-01  1  1h
 779 -3.1148516e+02 1.95e-02 8.71e+05 6.17e-07  -2.5   13.7  7.71e-01  1  1h
iter    objective    inf_pr   inf_du inf_compl lg(mu) lg(rg) alpha_pr ir ls
 780 -3.1148516e+02 1.95e-02 2.34e+05 2.36e-07  -2.5   17.8  1.00e+00  1  1H
 781 -3.1148516e+02 1.95e-02 9.89e+04 2.22e-07  -2.5   17.3  1.00e+00  1  1h
 782 -3.1148516e+02 1.95e-02 6.76e+04 2.42e-07  -2.5   16.8  5.00e-01  1  2h
 783 -3.1148516e+02 1.95e-02 2.98e+04 2.23e-07  -2.5   16.3  1.00e+00  1  1H
 784r-3.1148516e+02 1.73e-18 1.50e+02 1.96e-03  -1.7     -   1.00e+00  1 22R
 785r-3.1019277e+02 7.17e-02 7.13e-02 7.86e-05  -1.7     -   6.47e-04  1  1f
 786r-3.1019277e+02 7.08e-02 7.11e+02 7.80e-05  -2.6   15.4  1.29e-02  1  1f
 787r-3.1019277e+02 6.27e-02 2.44e+03 7.74e-05  -2.6   14.9  1.43e-01  1  1f
 788r-3.1019277e+02 5.79e-02 2.89e+03 7.46e-05  -2.6   14.4  8.91e-02  1  1f
 789r-3.1019277e+02 5.63e-02 2.97e+03 7.22e-05  -2.6   14.0  3.04e-02  1  1f
iter    objective    inf_pr   inf_du inf_compl lg(mu) lg(rg) alpha_pr ir ls
 790r-3.1019277e+02 4.53e-02 2.32e+03 6.95e-05  -2.6   13.5  3.37e-01  1  1f
 791r-3.1019277e+02 3.82e-02 1.86e+03 5.79e-05  -2.6   13.0  3.02e-01  1  1f
 792r-3.1019277e+02 2.04e-02 1.30e+03 5.79e-05  -2.6   12.5  4.98e-01  1  1f
 793r-3.1019277e+02 1.33e-02 1.20e+03 1.51e-05  -2.6   12.0  3.48e-01  1  1f
 794r-3.1019275e+02 8.51e-03 8.81e+02 5.71e-06  -2.6   11.6  3.64e-01  1  1f
 795r-3.1019275e+02 3.73e-03 5.34e+02 5.09e-07  -2.6   12.0  5.74e-01  1  1f
 796r-3.1019274e+02 1.93e-04 2.80e+02 4.80e-07  -2.6   12.4  1.00e+00  1  1f
 797r-3.1019273e+02 2.51e-04 1.57e+02 2.22e-07  -2.6   11.9  1.00e+00  1  1f
 798r-3.1019271e+02 1.92e-04 1.21e+02 2.25e-07  -2.6   11.5  3.92e-01  1  1f
 799r-3.1019271e+02 1.91e-04 1.21e+02 3.96e-07  -2.6   11.0  1.13e-03  1  1f
iter    objective    inf_pr   inf_du inf_compl lg(mu) lg(rg) alpha_pr ir ls
 800r-3.1019247e+02 2.02e-04 7.27e+01 3.42e-07  -2.6   10.5  6.19e-01  1  1f
 801r-3.1019235e+02 4.37e-04 6.59e+01 3.34e-07  -2.6   10.0  1.06e-01  1  1f
 802r-3.1019141e+02 3.40e-04 5.12e+01 3.04e-07  -2.6    9.6  2.74e-01  1  1f
 803r-3.1019126e+02 3.05e-04 4.60e+01 2.97e-07  -2.6   10.0  1.17e-01  1  1f
 804r-3.1019124e+02 2.00e-04 4.07e+01 9.68e-07  -2.6   11.3  3.48e-01  1  1f
 805r-3.1019106e+02 7.64e-05 2.44e+01 2.14e-06  -2.6   10.8  1.00e+00  1  1f
 806r-3.1019052e+02 7.37e-05 1.43e+01 4.25e-07  -2.6   10.4  1.00e+00  1  1f
 807r-3.1019002e+02 5.86e-05 1.41e+01 8.80e-07  -2.6    9.9  3.06e-01  1  1f
 808r-3.1018792e+02 5.10e-05 3.31e+01 4.63e-07  -2.6    9.4  4.30e-01  1  1f
 809r-3.1018735e+02 3.87e-05 2.56e+01 3.13e-07  -2.6    9.8  3.14e-01  1  1f
iter    objective    inf_pr   inf_du inf_compl lg(mu) lg(rg) alpha_pr ir ls
 810r-3.1018667e+02 7.47e-06 7.09e+00 1.10e-06  -2.6   10.3  1.00e+00  1  1f
 811r-3.1018641e+02 1.16e-06 5.06e+00 3.61e-07  -2.6   10.7  1.00e+00  1  1f
 812r-3.1018631e+02 2.97e-07 4.92e+00 2.30e-07  -2.6   11.1  1.00e+00  1  1f
 813r-3.1018610e+02 1.23e-05 1.07e+01 2.29e-07  -2.6   10.6  7.26e-01  1  1f
 814r-3.1018524e+02 4.00e-06 3.92e+00 3.97e-07  -2.6   10.2  1.00e+00  1  1f
 815r-3.1018413e+02 4.03e-06 3.49e+00 3.78e-07  -2.6    9.7  4.26e-01  1  1f
 816r-3.1018155e+02 5.75e-06 7.13e+00 3.19e-07  -2.6    9.2  3.32e-01  1  1f
 817r-3.1017549e+02 1.13e-05 9.05e+00 3.34e-07  -2.6    8.7  2.62e-01  1  1f
 818r-3.1017472e+02 3.25e-05 8.06e+00 5.20e-07  -2.6   10.1  6.97e-01  1  1f
 819r-3.1017446e+02 1.83e-05 3.98e+00 2.99e-07  -2.6   10.5  6.55e-01  1  1f
iter    objective    inf_pr   inf_du inf_compl lg(mu) lg(rg) alpha_pr ir ls
 820r-3.1017370e+02 8.28e-06 2.12e+00 2.52e-07  -2.6   10.0  6.18e-01  1  1f
 821r-3.1017135e+02 3.96e-06 2.05e+00 2.36e-07  -2.6    9.5  6.41e-01  1  1f
 822r-3.1016963e+02 5.36e-06 1.97e+00 2.57e-07  -2.6    9.0  1.56e-01  1  1f
 823r-3.1016944e+02 9.34e-06 1.97e+00 3.34e-07  -2.6    9.5  4.78e-02  1  1f
 824r-3.1016924e+02 2.59e-06 2.80e+00 2.21e-06  -2.6   10.8  1.00e+00  1  1f
 825r-3.1016866e+02 6.29e-06 1.97e+00 4.50e-07  -2.6   10.3  1.00e+00  1  1f
 826r-3.1016692e+02 1.26e-06 1.96e+00 2.50e-07  -2.6    9.8  1.00e+00  1  1f
 827r-3.1016312e+02 6.79e-06 1.96e+00 2.25e-07  -2.6    9.4  7.31e-01  1  1f
 828r-3.1016117e+02 2.33e-04 5.24e+01 1.49e-06  -2.6    9.8  1.00e+00  1  1f
 829r-3.1016116e+02 8.38e-04 7.87e+02 5.01e-07  -2.6   12.0  6.20e-01  1  1f
iter    objective    inf_pr   inf_du inf_compl lg(mu) lg(rg) alpha_pr ir ls
 830r-3.1016116e+02 8.25e-04 7.75e+02 4.95e-07  -2.6   11.5  1.56e-02  1  7f
 831r-3.1016116e+02 8.24e-04 7.74e+02 1.47e-06  -2.6   13.8  1.89e-03  1  2f
 832r-3.1016116e+02 3.13e-04 1.86e+02 2.27e-07  -2.6   13.3  1.00e+00  1  1h
 833r-3.1016116e+02 1.62e-04 4.82e+01 2.29e-07  -2.6   12.8  5.83e-01  1  1h
 834r-3.1016115e+02 3.11e-05 1.02e+01 2.30e-07  -2.6   12.4  1.00e+00  1  1f
 835r-3.1016114e+02 1.65e-06 4.38e+00 2.22e-07  -2.6   11.9  1.00e+00  1  1f
 836r-3.1016109e+02 1.07e-07 2.92e+00 2.22e-07  -2.6   11.4  1.00e+00  1  1f
 837r-3.1016094e+02 3.46e-07 3.24e+00 2.22e-07  -2.6   10.9  1.00e+00  1  1f
 838r-3.1016054e+02 9.53e-06 5.91e+00 2.22e-07  -2.6   10.4  9.23e-01  1  1f
 839r-3.1016037e+02 6.09e-06 5.05e+00 9.27e-07  -2.6   10.9  1.00e+00  1  1f
iter    objective    inf_pr   inf_du inf_compl lg(mu) lg(rg) alpha_pr ir ls
 840r-3.1016031e+02 3.81e-06 1.01e+01 7.20e-07  -2.6   11.3  1.00e+00  1  1f
 841r-3.1016029e+02 9.45e-07 1.16e+01 3.04e-07  -2.6   11.7  1.00e+00  1  1f
 842r-3.1016022e+02 8.72e-05 4.94e+01 2.24e-07  -2.6   11.2  1.00e+00  1  1f
 843r-3.1016007e+02 3.33e-05 2.11e+01 2.27e-07  -2.6   10.8  7.22e-01  1  1f
 844r-3.1015944e+02 4.94e-06 3.70e+00 3.42e-07  -2.6   10.3  1.00e+00  1  1f
 845r-3.1015767e+02 7.62e-07 1.94e+00 2.22e-07  -2.6    9.8  9.50e-01  1  1f
 846r-3.1015639e+02 2.94e-05 5.92e+00 2.44e-07  -2.6    9.3  2.29e-01  1  1f
 847r-3.1015429e+02 1.15e-05 3.62e+00 2.70e-07  -2.6    9.8  1.00e+00  1  1f
 848r-3.1015350e+02 2.67e-06 1.87e+00 5.71e-07  -2.6   10.2  1.00e+00  1  1f
 849r-3.1015320e+02 6.21e-07 1.89e+00 2.23e-07  -2.6   10.6  1.00e+00  1  1f
iter    objective    inf_pr   inf_du inf_compl lg(mu) lg(rg) alpha_pr ir ls
 850r-3.1015309e+02 1.42e-07 2.34e+00 2.22e-07  -2.6   11.0  1.00e+00  1  1f
 851r-3.1015276e+02 4.40e-05 3.79e+01 2.22e-07  -2.6   10.6  1.00e+00  1  1f
 852r-3.1015276e+02 1.04e-06 4.54e+01 2.23e-07  -2.6   12.8  1.00e+00  1  1f
 853r-3.1015276e+02 2.47e-06 5.20e+01 2.44e-07  -2.6   12.3  2.06e-01  1  1f
 854r-3.1015274e+02 2.39e-06 1.91e+00 4.14e-07  -2.6   11.8  1.00e+00  1  1f
 855r-3.1015269e+02 1.57e-07 1.78e+00 2.22e-07  -2.6   11.4  1.00e+00  1  1f
 856r-3.1015253e+02 1.15e-07 1.75e+00 2.22e-07  -2.6   10.9  1.00e+00  1  1f
 857r-3.1015206e+02 2.79e-07 2.52e+00 2.22e-07  -2.6   10.4  1.00e+00  1  1f
 858r-3.1015081e+02 7.10e-07 2.01e+01 2.23e-07  -2.6    9.9  8.85e-01  1  1f
 859r-3.1014828e+02 2.12e-06 2.81e+01 2.62e-07  -2.6    9.5  5.97e-01  1  1f
iter    objective    inf_pr   inf_du inf_compl lg(mu) lg(rg) alpha_pr ir ls
 860r-3.1014436e+02 5.72e-06 2.55e+01 2.48e-07  -2.6    9.0  3.10e-01  1  1f
 861r-3.1014167e+02 5.47e-06 1.63e+01 5.53e-07  -2.6    9.4  5.67e-01  1  1f
 862r-3.1013765e+02 1.09e-05 1.36e+01 4.38e-07  -2.6    8.9  2.84e-01  1  1f
 863r-3.1013516e+02 6.17e-06 8.61e+00 3.31e-07  -2.6    9.4  4.70e-01  1  1f
 864r-3.1013316e+02 1.77e-06 1.35e+00 4.75e-07  -2.6    9.8  1.00e+00  1  1f
 865r-3.1013242e+02 1.14e-06 1.35e+00 2.52e-07  -2.6   10.2  1.00e+00  1  1f
 866r-3.1013214e+02 9.95e-07 1.39e+00 2.23e-07  -2.6   10.6  1.00e+00  1  1f
 867r-3.1013203e+02 4.75e-07 1.87e+00 2.22e-07  -2.6   11.1  1.00e+00  1  1f
 868r-3.1013198e+02 1.73e-04 1.35e+00 2.43e-07  -2.6   10.6  1.76e-01  1  1f
 869r-3.1013168e+02 1.24e-04 1.35e+00 2.90e-07  -2.6   10.1  3.09e-01  1  1f
iter    objective    inf_pr   inf_du inf_compl lg(mu) lg(rg) alpha_pr ir ls
 870 -3.1012886e+02 2.93e-02 9.93e+00 2.32e-07  -2.5    9.6  1.00e+00  1  1f
 871 -3.1012857e+02 2.92e-02 1.01e+01 2.33e-07  -2.5    9.1  2.02e-03  1  1h
 872 -3.1012811e+02 2.91e-02 1.04e+01 2.45e-07  -2.5    8.7  1.72e-03  1  1h
 873 -3.1012586e+02 2.90e-02 4.06e+01 2.67e-07  -2.5    8.2  5.20e-03  1  1h
 874 -3.1011924e+02 2.87e-02 1.70e+02 2.72e-07  -2.5    7.7  1.13e-02  1  1h
 875 -3.1010460e+02 2.81e-02 4.35e+02 2.73e-07  -2.5    7.2  2.10e-02  1  1h
 876 -3.1009884e+02 2.76e-02 8.90e+02 2.41e-07  -2.5    8.6  1.94e-02  1  1h
 877 -3.1009850e+02 2.74e-02 9.11e+02 5.18e-07  -2.5    9.9  9.34e-03  1  1h
 878 -3.1009773e+02 2.64e-02 1.26e+03 4.79e-07  -2.5   10.3  5.25e-02  1  1h
 879r-3.1009712e+02 4.34e-19 1.50e+02 2.64e-03  -1.6     -   1.01e-01  1 19R
iter    objective    inf_pr   inf_du inf_compl lg(mu) lg(rg) alpha_pr ir ls
 880r-3.0777555e+02 1.54e-01 5.06e-02 4.52e-05  -1.6     -   9.91e-04  1  1f
 881r-3.0777540e+02 1.20e-01 1.40e+00 2.98e-05  -2.4   10.3  2.78e-01  1  1f
 882r-3.0777464e+02 8.24e-02 6.04e+00 1.44e-05  -2.4    9.8  4.45e-01  1  1f
 883r-3.0777293e+02 6.23e-02 6.69e+00 1.33e-05  -2.4    9.3  3.16e-01  1  1f
 884r-3.0777293e+02 6.21e-02 6.68e+00 1.33e-05  -2.4   10.6  2.24e-03  1  1f
 885r-3.0777291e+02 6.08e-02 6.54e+00 1.33e-05  -2.4   10.2  2.09e-02  1  1f
 886r-3.0777271e+02 3.42e-02 1.43e+01 1.31e-05  -2.4   10.6  7.20e-01  1  1f
 887r-3.0777260e+02 1.56e-02 7.50e+00 3.41e-06  -2.4   11.0  1.00e+00  1  1f
 888r-3.0777252e+02 1.25e-02 1.29e+02 2.99e-06  -2.4   10.5  2.24e-01  1  1h
 889r-3.0777252e+02 1.23e-02 1.34e+02 2.56e-06  -2.4   12.8  1.66e-02  1  2f
iter    objective    inf_pr   inf_du inf_compl lg(mu) lg(rg) alpha_pr ir ls
 890r-3.0777252e+02 4.82e-03 4.94e+01 1.77e-06  -2.4   12.3  1.00e+00  1  1h
 891r-3.0777252e+02 4.13e-03 4.63e+01 3.01e-07  -2.4   12.7  1.53e-01  1  1h
 892r-3.0777251e+02 1.12e-03 3.08e+01 3.58e-07  -2.4   12.2  1.00e+00  1  1h
 893r-3.0777249e+02 1.38e-04 1.15e+01 2.22e-07  -2.4   11.8  1.00e+00  1  1h
 894r-3.0777243e+02 2.67e-06 7.60e+00 2.22e-07  -2.4   11.3  1.00e+00  1  1f
 895r-3.0777234e+02 1.47e-06 5.27e+00 2.39e-07  -2.4   10.8  5.40e-01  1  1f
 896r-3.0777181e+02 1.78e-06 1.22e+00 4.93e-07  -2.4   10.3  1.00e+00  1  1f
 897r-3.0777022e+02 5.59e-06 1.22e+00 2.40e-07  -2.4    9.9  1.00e+00  1  1f
 898r-3.0776557e+02 4.40e-05 3.93e+00 2.51e-07  -2.4    9.4  9.83e-01  1  1f
 899r-3.0776505e+02 6.74e-05 9.40e+00 5.84e-07  -2.4    9.8  2.95e-01  1  1f
iter    objective    inf_pr   inf_du inf_compl lg(mu) lg(rg) alpha_pr ir ls
 900r-3.0776098e+02 3.35e-05 4.88e+00 4.97e-07  -2.4    9.3  7.68e-01  1  1f
 901r-3.0776096e+02 3.09e-05 5.00e+00 3.49e-07  -2.4   10.7  9.04e-02  1  1f
 902r-3.0776089e+02 1.48e-05 7.13e+00 2.22e-06  -2.4   11.1  7.03e-01  1  1f
 903r-3.0776061e+02 5.48e-06 9.17e-01 5.87e-07  -2.4   10.6  1.00e+00  1  1f
 904r-3.0775977e+02 8.69e-07 5.69e-01 2.22e-07  -2.4   10.1  1.00e+00  1  1f
 905r-3.0775726e+02 1.81e-06 5.51e-01 2.24e-07  -2.4    9.7  1.00e+00  1  1f
 906r-3.0775149e+02 7.24e-06 4.19e+00 2.61e-07  -2.4    9.2  7.71e-01  1  1f
 907r-3.0774135e+02 1.21e-05 1.37e+01 5.97e-07  -2.4    8.7  4.58e-01  1  1f
 908r-3.0773303e+02 3.01e-06 1.28e+01 1.08e-06  -2.4    9.1  1.00e+00  1  1f
 909r-3.0772992e+02 2.80e-06 6.81e-01 3.93e-07  -2.4    9.6  1.00e+00  1  1f
iter    objective    inf_pr   inf_du inf_compl lg(mu) lg(rg) alpha_pr ir ls
 910r-3.0772803e+02 4.66e-06 5.83e-01 3.92e-07  -2.4    9.1  2.04e-01  1  1f
 911r-3.0772454e+02 8.68e-06 7.16e-01 1.93e-06  -2.4    9.5  1.00e+00  1  1f
 912r-3.0772324e+02 6.13e-06 6.42e-01 5.99e-07  -2.4    9.9  1.00e+00  1  1f
 913r-3.0771934e+02 2.00e-06 5.28e-01 2.81e-07  -2.4    9.5  1.00e+00  1  1f
 914r-3.0771031e+02 2.77e-04 7.09e+01 2.50e-07  -2.4    9.0  7.77e-01  1  1f
 915r-3.0770500e+02 2.42e-04 6.14e+01 2.36e-07  -2.4    8.5  1.55e-01  1  1f
 916r-3.0770500e+02 2.39e-04 6.02e+01 3.03e-07  -2.4   12.5  9.56e-03  1  2f
 917r-3.0770500e+02 1.81e-04 2.98e+01 7.33e-07  -2.4   12.1  3.51e-01  1  1h
 918r-3.0770500e+02 1.67e-04 2.56e+01 3.81e-07  -2.4   11.6  8.26e-02  1  4f
 919r-3.0770491e+02 9.16e-05 1.01e+01 4.71e-07  -2.4   11.1  1.00e+00  1  1h
iter    objective    inf_pr   inf_du inf_compl lg(mu) lg(rg) alpha_pr ir ls
 920r-3.0770490e+02 6.75e-05 9.92e+00 3.17e-07  -2.4   11.5  2.67e-01  1  1f
 921r-3.0770481e+02 4.20e-05 4.17e+00 2.41e-06  -2.4   11.1  1.00e+00  1  1f
 922r-3.0770470e+02 2.49e-05 3.50e+00 1.16e-06  -2.4   10.6  3.64e-01  1  1f
 923r-3.0770389e+02 8.56e-06 1.91e+00 4.32e-07  -2.4   10.1  9.30e-01  1  1f
 924r-3.0770129e+02 3.76e-06 9.12e-01 4.71e-07  -2.4    9.6  1.00e+00  1  1f
 925r-3.0769354e+02 2.12e-06 4.77e-01 2.37e-07  -2.4    9.1  1.00e+00  1  1f
 926r-3.0768028e+02 6.39e-06 1.18e+00 2.43e-07  -2.4    8.7  5.79e-01  1  1f
 927r-3.0767170e+02 1.61e-06 7.79e-01 9.35e-07  -2.4    9.1  1.00e+00  1  1f
 928r-3.0765165e+02 1.66e-05 2.26e+00 4.16e-07  -2.4    8.6  7.93e-01  1  1f
 929r-3.0765047e+02 6.00e-06 9.90e-01 3.24e-06  -2.4    9.9  1.00e+00  1  1f
iter    objective    inf_pr   inf_du inf_compl lg(mu) lg(rg) alpha_pr ir ls
 930r-3.0764969e+02 3.91e-06 8.28e-01 1.67e-06  -2.4    9.5  2.19e-01  1  1f
 931r-3.0764836e+02 4.53e-06 9.99e-01 4.51e-07  -2.4    9.9  1.00e+00  1  1f
 932r-3.0764786e+02 1.71e-04 4.79e+01 2.36e-07  -2.4   10.3  1.00e+00  1  1f
 933r-3.0764714e+02 9.51e-05 3.13e+01 2.51e-07  -2.4    9.8  4.80e-01  1  1f
 934r-3.0764267e+02 1.67e-05 1.46e+01 1.01e-06  -2.4    9.4  1.00e+00  1  1f
 935r-3.0763291e+02 1.09e-05 7.64e+00 9.49e-07  -2.4    8.9  7.35e-01  1  1f
 936r-3.0760025e+02 1.35e-05 3.80e+00 3.81e-07  -2.4    8.4  8.43e-01  1  1f
 937r-3.0758595e+02 5.51e-06 1.67e+00 4.68e-07  -2.4    8.8  1.00e+00  1  1f
 938r-3.0755309e+02 6.62e-04 2.83e+01 2.72e-07  -2.4    8.4  8.00e-01  1  1f
 939r-3.0755118e+02 3.16e-04 1.42e+01 2.00e-06  -2.4    9.7  1.00e+00  1  1f
iter    objective    inf_pr   inf_du inf_compl lg(mu) lg(rg) alpha_pr ir ls
 940r-3.0755063e+02 4.06e-04 8.56e+00 1.30e-06  -2.4   10.1  7.77e-01  1  1f
 941r-3.0755037e+02 3.57e-04 7.55e+00 1.30e-06  -2.4    9.6  1.23e-01  1  4f
 942r-3.0754404e+02 6.49e-05 3.23e+00 1.09e-06  -2.4    9.2  1.00e+00  1  1f
 943r-3.0754169e+02 1.50e-05 1.17e+00 2.60e-07  -2.4    9.6  1.00e+00  1  1f
 944r-3.0753476e+02 1.61e-05 1.31e+00 2.23e-07  -2.4    9.1  1.00e+00  1  1f
 945r-3.0751513e+02 4.76e-06 7.17e-01 2.38e-07  -2.4    8.6  1.00e+00  1  1f
 946r-3.0750816e+02 3.05e-06 3.58e-01 2.78e-07  -2.4    9.1  1.00e+00  1  1f
 947 -3.0748850e+02 1.42e-02 6.09e+00 2.22e-07  -2.5    8.6  1.00e+00  1  1f
 948 -3.0748693e+02 1.41e-02 2.22e+01 2.33e-07  -2.5    8.1  6.40e-03  1  1h
 949 -3.0748273e+02 1.40e-02 8.96e+01 3.53e-07  -2.5    7.6  1.21e-02  1  1h
iter    objective    inf_pr   inf_du inf_compl lg(mu) lg(rg) alpha_pr ir ls
 950 -3.0746252e+02 1.33e-02 7.52e+02 3.60e-07  -2.5    7.2  4.76e-02  1  1h
 951r-3.0746250e+02 8.67e-19 1.50e+02 1.33e-03  -1.9     -   2.72e-02  1 17R
 952r-3.0593157e+02 4.95e-02 2.19e-01 5.43e-05  -1.9     -   9.91e-04  1  1f
 953r-1.9061507e+02 4.73e-01 8.68e+02 1.73e-05  -1.9     -   7.89e-02  1  1f
 954r-1.9061507e+02 4.73e-01 8.67e+02 1.72e-05  -1.9   10.7  1.08e-04  2  2f
 955r-1.9061506e+02 4.72e-01 8.65e+02 1.72e-05  -1.9   10.2  9.20e-04  2  1h
 956r-1.9061503e+02 4.72e-01 8.59e+02 1.71e-05  -1.9    9.8  1.27e-03  2  1h
 957r-1.9061482e+02 4.70e-01 8.49e+02 1.69e-05  -1.9    9.3  3.18e-03  1  1h
 958r-1.9061454e+02 4.69e-01 8.37e+02 1.67e-05  -1.9    8.8  1.66e-03  1  1h
 959r-1.9061129e+02 4.66e-01 8.21e+02 1.65e-05  -1.9    8.3  7.80e-03  2  1h
iter    objective    inf_pr   inf_du inf_compl lg(mu) lg(rg) alpha_pr ir ls
 960r-1.9060017e+02 4.60e-01 7.78e+02 1.57e-05  -1.9    7.8  1.24e-02  1  1h
 961r-1.9056184e+02 4.50e-01 6.88e+02 1.39e-05  -1.9    7.4  2.26e-02  1  1h
 962r-1.9055027e+02 4.43e-01 6.60e+02 1.34e-05  -1.9    7.8  1.44e-02  1  1h
 963r-1.9054522e+02 4.37e-01 6.36e+02 1.30e-05  -1.9    8.2  1.39e-02  1  1h
 964r-1.9054408e+02 4.34e-01 6.08e+02 1.24e-05  -1.9    8.7  7.60e-03  2  1h
 965r-1.9053151e+02 4.19e-01 7.92e+02 1.22e-05  -1.9    8.2  3.63e-02  2  1h
 966r-1.9053054e+02 4.16e-01 8.12e+02 1.18e-05  -1.9    8.6  7.12e-03  2  1h
 967r-1.9052984e+02 4.11e-01 1.15e+03 1.16e-05  -1.9    9.0  1.29e-02  2  1h
 968r-1.9052818e+02 4.06e-01 1.19e+03 1.09e-05  -1.9    8.5  1.24e-02  2  1h
 969r-1.9052799e+02 4.04e-01 1.19e+03 1.07e-05  -1.9    9.0  3.67e-03  2  1h
iter    objective    inf_pr   inf_du inf_compl lg(mu) lg(rg) alpha_pr ir ls
 970r-1.9052548e+02 3.97e-01 1.36e+03 1.07e-05  -1.9    8.5  1.90e-02  1  1h
 971r-1.9052540e+02 3.96e-01 1.35e+03 1.06e-05  -1.9    8.9  1.53e-03  1  1h
 972r-1.9052529e+02 3.94e-01 1.45e+03 1.05e-05  -1.9    9.3  5.55e-03  2  1h
 973r-1.9052489e+02 3.91e-01 1.48e+03 1.03e-05  -1.9    8.9  7.19e-03  2  1h
 974r-1.9052457e+02 3.85e-01 2.05e+03 9.81e-06  -1.9    9.3  1.52e-02  2  1h
 975r-1.9052433e+02 3.73e-01 7.57e+03 9.13e-06  -1.9    9.7  3.15e-02  2  1h
 976r-1.9052431e+02 3.70e-01 7.83e+03 8.61e-06  -1.9   10.1  8.86e-03  1  1h
 977r-1.9052403e+02 3.56e-01 8.05e+03 8.41e-06  -1.9    9.7  4.09e-02  2  1h
 978r-1.9052335e+02 3.43e-01 7.40e+03 7.85e-06  -1.9    9.2  3.64e-02  1  1h
 979r-1.9052331e+02 3.43e-01 7.35e+03 7.78e-06  -1.9    8.7  8.25e-04  2  1h
iter    objective    inf_pr   inf_du inf_compl lg(mu) lg(rg) alpha_pr ir ls
 980r-1.9052276e+02 3.33e-01 7.09e+03 7.72e-06  -1.9    9.1  2.89e-02  1  1h
 981r-1.9052276e+02 3.33e-01 7.01e+03 7.61e-06  -1.9    9.6  4.54e-04  2  1h
 982r-1.9052204e+02 3.22e-01 6.73e+03 7.58e-06  -1.9    9.1  3.48e-02  1  1h
 983r-1.9052177e+02 3.11e-01 5.75e+03 6.41e-06  -1.9    9.5  3.51e-02  1  1h
 984r-1.9052095e+02 2.99e-01 4.78e+03 5.23e-06  -1.9    9.0  3.90e-02  1  1h
 985r-1.9052083e+02 2.94e-01 4.23e+03 4.44e-06  -1.9    9.5  1.69e-02  1  1h
 986r-1.9052056e+02 2.68e-01 3.47e+03 3.84e-06  -1.9    9.9  9.94e-02  1  1h
 987r-1.9052013e+02 2.54e-01 3.06e+03 3.44e-06  -1.9    9.4  5.57e-02  1  1h
 988r-1.9052000e+02 2.42e-01 2.80e+03 3.22e-06  -1.9    9.8  4.69e-02  1  1h
 989r-1.9052000e+02 2.42e-01 2.75e+03 3.12e-06  -1.9   10.3  1.95e-03  1  1h
iter    objective    inf_pr   inf_du inf_compl lg(mu) lg(rg) alpha_pr ir ls
 990r-1.9051967e+02 2.19e-01 2.43e+03 3.11e-06  -1.9    9.8  1.05e-01  1  1h
 991r-1.9051967e+02 2.18e-01 2.42e+03 3.09e-06  -1.9   11.1  1.20e-03  1  1h
 992r-1.9051967e+02 2.17e-01 2.40e+03 3.08e-06  -1.9   10.6  5.97e-03  1  1h
 993r-1.9051966e+02 2.10e-01 2.31e+03 3.05e-06  -1.9   11.1  3.24e-02  1  1h
 994r-1.9051966e+02 2.07e-01 2.25e+03 2.98e-06  -1.9   10.6  1.58e-02  1  1h
 995r-1.9051963e+02 1.86e-01 1.97e+03 3.01e-06  -1.9   11.0  1.14e-01  1  1h
 996r-1.9051954e+02 1.57e-01 2.31e+03 2.50e-06  -1.9   10.5  1.81e-01  1  1h
 997r-1.9051954e+02 1.56e-01 2.28e+03 2.46e-06  -1.9   11.0  7.33e-03  1  1h
 998r-1.9051954e+02 1.56e-01 2.28e+03 2.46e-06  -1.9   11.4  1.49e-03  1  1h
 999r-1.9051953e+02 1.45e-01 4.69e+03 2.46e-06  -1.9   11.8  7.47e-02  1  1h
iter    objective    inf_pr   inf_du inf_compl lg(mu) lg(rg) alpha_pr ir ls
1000r-1.9051950e+02 1.04e-01 2.20e+04 2.92e-06  -1.9   11.3  3.90e-01  1  1h
1001r-1.9051950e+02 9.11e-02 2.06e+04 2.60e-06  -1.9   11.8  1.46e-01  1  1h
1002r-1.9051948e+02 7.88e-02 1.65e+04 2.09e-06  -1.9   11.3  1.57e-01  1  1h
1003r-1.9051943e+02 6.61e-02 1.43e+04 2.18e-06  -1.9   10.8  1.91e-01  1  1h
1004r-1.9051938e+02 6.24e-02 1.26e+04 1.64e-06  -1.9   10.3  5.94e-02  1  1h
1005r-1.9051938e+02 6.14e-02 1.23e+04 1.59e-06  -1.9   10.8  1.65e-02  1  1h
1006r-1.9051885e+02 3.91e-02 1.05e+04 1.75e-06  -1.9   10.3  5.70e-01  1  1h
1007r-1.9051877e+02 3.17e-02 8.21e+03 1.50e-06  -1.9   10.7  2.32e-01  1  1h
1008r-1.9051864e+02 2.83e-02 7.14e+03 1.34e-06  -1.9   10.2  1.22e-01  1  1h
1009r-1.9051826e+02 1.41e-02 3.35e+03 9.63e-07  -1.9   10.7  1.00e+00  1  1h
iter    objective    inf_pr   inf_du inf_compl lg(mu) lg(rg) alpha_pr ir ls
1010r-1.9051819e+02 9.82e-03 2.15e+03 5.02e-07  -1.9   11.1  4.37e-01  1  1f
1011r-1.9051815e+02 9.00e-03 1.97e+03 4.94e-07  -1.9   10.6  9.12e-02  1  1f
1012r-1.9051814e+02 8.25e-03 1.80e+03 4.69e-07  -1.9   11.0  9.11e-02  1  2f
1013r-1.9051813e+02 7.49e-03 1.62e+03 4.18e-07  -1.9   11.5  1.01e-01  1  1h
1014r-1.9051813e+02 7.47e-03 1.61e+03 4.14e-07  -1.9   11.0  1.79e-03  1  1h
1015r-1.9051813e+02 7.44e-03 1.61e+03 4.12e-07  -1.9   11.4  3.91e-03  1  9f
1016r-1.9051813e+02 7.43e-03 1.55e+03 9.76e-07  -1.9   10.9  2.10e-03  1  8f
1017r-1.9051788e+02 5.32e-03 1.11e+03 4.20e-07  -1.9   10.5  3.95e-01  1  1f
1018r-1.9051765e+02 2.64e-03 5.54e+02 2.97e-07  -1.9   10.9  1.00e+00  1  1h
1019r-1.9051763e+02 2.13e-03 4.49e+02 2.78e-07  -1.9   11.3  2.34e-01  1  1f
iter    objective    inf_pr   inf_du inf_compl lg(mu) lg(rg) alpha_pr ir ls
1020r-1.9051746e+02 1.29e-03 2.74e+02 2.78e-07  -1.9   10.8  6.41e-01  1  1f
1021r-1.9051741e+02 1.20e-03 2.56e+02 2.50e-07  -1.9   10.4  6.85e-02  1  1f
1022r-1.9051505e+02 5.82e-04 1.28e+02 7.70e-07  -1.9    9.9  1.00e+00  1  1f
1023r-1.9051494e+02 2.73e-04 6.37e+01 2.46e-07  -1.9   11.2  1.00e+00  1  1h
1024r-1.9051491e+02 1.30e-04 3.30e+01 2.23e-07  -1.9   11.6  8.93e-01  1  1f
1025r-1.9051478e+02 5.23e-05 1.56e+01 2.22e-07  -1.9   11.2  1.00e+00  1  1f
1026r-1.9051453e+02 2.31e-05 8.13e+00 2.30e-07  -1.9   10.7  6.87e-01  1  1f
1027r-1.9051439e+02 2.18e-06 1.74e+00 2.39e-07  -1.9   11.1  1.00e+00  1  1f
1028r-1.9051409e+02 1.51e-04 1.69e+00 2.29e-07  -1.9   10.6  7.06e-01  1  1f
1029r-1.9051284e+02 8.20e-05 1.50e+00 2.25e-07  -1.9   10.1  1.00e+00  1  1f
iter    objective    inf_pr   inf_du inf_compl lg(mu) lg(rg) alpha_pr ir ls
1030r-1.9050908e+02 1.10e-04 1.10e+01 2.22e-07  -1.9    9.7  1.00e+00  1  1f
1031r-1.9050901e+02 7.47e-05 8.07e+00 2.27e-07  -1.9   11.0  3.78e-01  1  2f
1032r-1.9050895e+02 1.15e-05 4.06e+00 7.87e-07  -1.9   11.4  1.00e+00  1  1h
1033r-1.9050875e+02 1.67e-05 5.18e+00 2.82e-07  -1.9   10.9  1.00e+00  1  1f
1034r-1.9050874e+02 1.06e-05 1.33e+01 2.22e-07  -1.9   12.3  1.00e+00  1  1f
1035r-1.9050873e+02 7.22e-03 1.17e+05 2.22e-07  -1.9   12.7  1.00e+00  1  1f
1036r-1.9050872e+02 3.47e-03 5.87e+04 3.33e-07  -1.9   12.2  1.00e+00  1  1h
1037r-1.9050872e+02 3.25e-03 5.52e+04 2.23e-07  -1.9   11.8  6.25e-02  1  5h
1038r-1.9050872e+02 3.23e-03 5.48e+04 3.00e-07  -1.9   11.3  7.81e-03  1  8h
1039r-1.9050872e+02 3.23e-03 5.48e+04 2.81e-07  -1.9   10.8  4.88e-04  1 12h
iter    objective    inf_pr   inf_du inf_compl lg(mu) lg(rg) alpha_pr ir ls
1040r-1.9050872e+02 3.23e-03 5.48e+04 2.61e-07  -1.9   10.3  6.10e-05  1 15h
1041r-1.9050705e+02 1.23e-03 2.86e+04 2.68e-07  -1.9    9.8  6.60e-01  1  1f
1042r-1.9049983e+02 3.71e-04 1.22e+04 2.42e-07  -1.9    9.4  9.52e-01  1  1f
1043r-1.9049947e+02 3.34e-04 5.42e+03 2.55e-07  -1.9   10.7  1.00e+00  1  1f
1044r-1.9049905e+02 2.47e-04 3.77e+03 2.48e-07  -1.9   10.2  3.96e-01  1  1f
1045r-1.9049586e+02 1.89e-04 1.67e+03 3.54e-07  -1.9    9.7  1.00e+00  1  1f
1046r-1.9049571e+02 1.26e-04 7.42e+02 2.30e-07  -1.9   11.1  1.00e+00  1  1f
1047r-1.9049565e+02 8.42e-05 3.29e+02 2.22e-07  -1.9   11.5  1.00e+00  1  1f
1048r-1.9049548e+02 5.62e-05 1.46e+02 2.22e-07  -1.9   11.0  1.00e+00  1  1f
1049r-1.9049547e+02 2.06e-04 1.21e+02 2.88e-07  -1.9   11.4  1.99e-01  1  1f
iter    objective    inf_pr   inf_du inf_compl lg(mu) lg(rg) alpha_pr ir ls
1050r-1.9049547e+02 1.55e-04 1.03e+02 1.04e-06  -1.9   13.7  2.50e-01  1  3f
1051r-1.9049547e+02 1.02e-04 5.16e+01 2.22e-07  -1.9   13.2  1.00e+00  1  1f
1052r-1.9049547e+02 3.39e-05 2.57e+01 2.22e-07  -1.9   12.7  1.00e+00  1  1f
1053r-1.9049546e+02 1.19e-05 1.27e+01 2.22e-07  -1.9   12.2  1.00e+00  1  1f
1054r-1.9049543e+02 8.55e-06 6.29e+00 2.22e-07  -1.9   11.8  1.00e+00  1  1f
1055r-1.9049534e+02 6.12e-06 3.10e+00 2.22e-07  -1.9   11.3  1.00e+00  1  1f
1056r-1.9049507e+02 4.67e-05 6.10e+00 2.22e-07  -1.9   10.8  1.00e+00  1  1f
1057r-1.9049426e+02 2.23e-05 2.89e+00 2.22e-07  -1.9   10.3  1.00e+00  1  1f
1058r-1.9049424e+02 1.38e-05 2.04e+00 2.29e-07  -1.9   11.7  4.35e-01  1  2f
1059r-1.9049413e+02 2.36e-06 1.37e+00 2.25e-07  -1.9   11.2  1.00e+00  1  1f
iter    objective    inf_pr   inf_du inf_compl lg(mu) lg(rg) alpha_pr ir ls
1060r-1.9049379e+02 4.59e-07 1.37e+00 2.22e-07  -1.9   10.7  1.00e+00  1  1f
1061r-1.9049277e+02 7.11e-07 1.37e+00 2.22e-07  -1.9   10.2  1.00e+00  1  1f
1062r-1.9049238e+02 2.86e-07 1.37e+00 2.22e-07  -1.9   10.7  1.00e+00  1  1f
1063r-1.9049123e+02 1.13e-05 1.37e+00 2.22e-07  -1.9   10.2  1.00e+00  1  1f
1064r-1.9048779e+02 9.58e-06 1.37e+00 2.23e-07  -1.9    9.7  1.00e+00  1  1f
1065r-1.9048763e+02 2.40e-05 3.81e+00 2.23e-07  -1.9   11.0  1.00e+00  1  1f
1066r-1.9048714e+02 1.12e-05 1.62e+00 2.22e-07  -1.9   10.6  1.00e+00  1  1f
1067r-1.9048706e+02 3.69e-05 1.37e+00 2.32e-07  -1.9   11.0  4.74e-01  1  1f
1068r-1.9048651e+02 1.21e-05 1.37e+00 2.60e-07  -1.9   10.5  1.00e+00  1  1f
1069r-1.9048488e+02 4.37e-06 1.37e+00 2.22e-07  -1.9   10.0  1.00e+00  1  1f
iter    objective    inf_pr   inf_du inf_compl lg(mu) lg(rg) alpha_pr ir ls
1070r-1.9048427e+02 3.82e-07 1.37e+00 2.22e-07  -1.9   10.5  1.00e+00  1  1f
1071r-1.9048244e+02 5.26e-06 1.37e+00 2.22e-07  -1.9   10.0  1.00e+00  1  1f
1072r-1.9048235e+02 3.80e-07 1.37e+00 2.22e-07  -1.9   11.3  1.00e+00  1  1f
1073r-1.9048209e+02 8.55e-05 1.94e+01 2.22e-07  -1.9   10.8  1.00e+00  1  1f
1074r-1.9048168e+02 1.54e-04 1.06e+01 2.31e-07  -1.9   10.4  5.30e-01  1  1f
1075r-1.9048168e+02 4.39e-06 5.99e+00 2.22e-07  -1.9   12.6  1.00e+00  1  1f
1076r-1.9048167e+02 5.92e-06 1.54e+00 2.37e-07  -1.9   12.1  1.00e+00  1  1f
1077r-1.9048163e+02 2.26e-06 1.37e+00 2.41e-07  -1.9   11.6  1.00e+00  1  1f
1078r-1.9048150e+02 1.04e-07 1.37e+00 2.22e-07  -1.9   11.2  1.00e+00  1  1f
1079r-1.9048114e+02 8.08e-08 1.37e+00 2.22e-07  -1.9   10.7  1.00e+00  1  1f
iter    objective    inf_pr   inf_du inf_compl lg(mu) lg(rg) alpha_pr ir ls
1080r-1.9048004e+02 5.89e-07 1.37e+00 2.22e-07  -1.9   10.2  1.00e+00  1  1f
1081r-1.9047924e+02 8.50e-05 1.37e+00 2.99e-07  -1.9    9.7  2.41e-01  1  1f
1082r-1.9047890e+02 6.47e-05 1.37e+00 2.55e-07  -1.9   10.1  2.77e-01  1  1f
1083r-1.9047830e+02 9.49e-05 1.37e+00 4.54e-07  -1.9    9.7  1.62e-01  1  1f
1084r-1.9046723e+02 5.89e-05 7.22e+01 7.80e-07  -1.9    9.2  1.00e+00  1  1f
1085r-1.9046426e+02 4.60e-05 1.02e+02 4.36e-07  -1.9    9.6  7.16e-01  1  1f
1086r-1.9046426e+02 3.78e-05 8.30e+01 4.08e-07  -1.9   12.8  1.80e-01  1  2f
1087r-1.9046426e+02 1.12e-05 1.23e+01 3.77e-07  -1.9   12.3  8.45e-01  1  1h
1088r-1.9046423e+02 7.03e-06 3.70e+00 2.75e-07  -1.9   11.8  1.00e+00  1  1f
1089r-1.9046415e+02 4.02e-07 4.14e+00 2.22e-07  -1.9   11.3  1.00e+00  1  1f
iter    objective    inf_pr   inf_du inf_compl lg(mu) lg(rg) alpha_pr ir ls
1090r-1.9046390e+02 5.73e-07 1.02e+01 2.22e-07  -1.9   10.8  1.00e+00  1  1f
1091r-1.9046316e+02 1.45e-06 1.80e+01 2.22e-07  -1.9   10.4  1.00e+00  1  1f
1092r-1.9046289e+02 6.90e-07 6.72e-01 2.22e-07  -1.9   10.8  1.00e+00  1  1f
1093r-1.9046206e+02 2.41e-05 4.88e+00 2.22e-07  -1.9   10.3  1.00e+00  1  1f
1094r-1.9045958e+02 8.35e-06 7.65e+00 2.24e-07  -1.9    9.8  1.00e+00  1  1f
1095r-1.9045215e+02 2.54e-06 7.56e+00 2.22e-07  -1.9    9.4  1.00e+00  1  1f
1096r-1.9043803e+02 3.03e-05 5.23e+00 2.23e-07  -1.9    8.9  6.38e-01  1  1f
1097r-1.9043699e+02 4.52e-06 6.65e-01 1.23e-06  -1.9   10.2  1.00e+00  1  1f
1098r-1.9043660e+02 2.43e-06 6.65e-01 4.28e-07  -1.9   10.6  1.00e+00  1  1f
1099r-1.9043544e+02 6.18e-05 6.74e-01 2.97e-07  -1.9   10.2  1.00e+00  1  1f
iter    objective    inf_pr   inf_du inf_compl lg(mu) lg(rg) alpha_pr ir ls
1100r-1.9043500e+02 2.83e-05 4.53e+00 2.31e-07  -1.9   10.6  1.00e+00  1  1f
1101r-1.9043499e+02 2.82e-05 6.68e+00 3.40e-07  -1.9   11.9  2.12e-01  1  2f
1102r-1.9043493e+02 6.08e-06 1.98e+00 2.32e-07  -1.9   11.4  1.00e+00  1  1f
1103r-1.9043475e+02 1.38e-06 6.64e-01 2.22e-07  -1.9   11.0  1.00e+00  1  1f
1104r-1.9043419e+02 2.24e-07 6.64e-01 2.22e-07  -1.9   10.5  1.00e+00  1  1f
1105r-1.9043253e+02 5.37e-07 6.64e-01 2.22e-07  -1.9   10.0  1.00e+00  1  1f
1106r-1.9043191e+02 2.19e-07 6.63e-01 2.22e-07  -1.9   10.4  1.00e+00  1  1f
1107r-1.9043004e+02 2.08e-05 1.12e+00 2.22e-07  -1.9   10.0  1.00e+00  1  1f
1108r-1.9042444e+02 3.05e-06 6.61e-01 2.22e-07  -1.9    9.5  1.00e+00  1  1f
1109r-1.9042235e+02 1.47e-06 6.60e-01 2.22e-07  -1.9    9.9  1.00e+00  1  1f
iter    objective    inf_pr   inf_du inf_compl lg(mu) lg(rg) alpha_pr ir ls
1110r-1.9042156e+02 1.26e-06 6.59e-01 2.22e-07  -1.9   10.3  1.00e+00  1  1f
1111r-1.9042127e+02 5.91e-07 6.59e-01 2.22e-07  -1.9   10.8  1.00e+00  1  1f
1112r-1.9042038e+02 3.99e-05 8.20e-01 2.22e-07  -1.9   10.3  1.00e+00  1  1f
1113r-1.9041773e+02 1.60e-05 6.58e-01 2.22e-07  -1.9    9.8  1.00e+00  1  1f
1114r-1.9040980e+02 3.62e-05 3.44e+00 2.22e-07  -1.9    9.3  1.00e+00  1  1f
1115r-1.9040980e+02 2.05e-06 1.90e+00 3.21e-07  -1.9   12.5  1.00e+00  1  1f
1116r-1.9040978e+02 3.45e-06 1.06e+00 3.78e-07  -1.9   12.0  1.00e+00  1  1f
