[ Info: benchmark_bruno: target=Bruno_JExpBot2016 warmup=Crauste_CellSystems2017 on GPU 1 (Quadro GV100)
[ Info: EXA warmup: JIT build+solve on Crauste_CellSystems2017 ...
[ Info: EXA warmup done
[ Info: [Bruno_JExpBot2016] EXA compiling (K=6)...
[ Info: [Bruno_JExpBot2016] EXA solving with MadNLP...
[ Info: [Bruno_JExpBot2016] SGM solve 1/3 ...
[ Info: [Bruno_JExpBot2016] SGM solve 2/3 ...
[ Info: [Bruno_JExpBot2016] SGM solve 3/3 ...
[ Info: [Bruno_JExpBot2016] SGM done: solve=0.37 s (n=3)
[ Info: [Bruno_JExpBot2016] EXA done
[ Info: PEtab warmup: JIT calibrate on Crauste_CellSystems2017 ...
[ Info: PEtab warmup done
[ Info: [Bruno_JExpBot2016] PEtab compiling...
[ Info: [Bruno_JExpBot2016] PEtab solving (Optim.IPNewton)...
[ Info: benchmark_bruno complete
This is [34mMad[31mN[32mL[35mP[0m version v0.9.2, running with cuDSS v0.7.1

Number of nonzeros in constraint Jacobian............:   188538
Number of nonzeros in Lagrangian Hessian.............:   147615

Total number of variables............................:    16294
                     variables with only lower bounds:        0
                variables with lower and upper bounds:       12
                     variables with only upper bounds:        0
Total number of equality constraints.................:    16282
Total number of inequality constraints...............:        0
        inequality constraints with only lower bounds:        0
   inequality constraints with lower and upper bounds:        0
        inequality constraints with only upper bounds:        0

iter    objective    inf_pr   inf_du inf_compl lg(mu) lg(rg) alpha_pr ir ls
   0  1.9096398e+02 4.74e-04 1.53e-02 1.29e+01  -1.0     -   0.00e+00  0  0 
   1  1.9096398e+02 4.74e-04 1.45e-01 4.18e-05  -1.0   -4.0  1.60e-09  1  1h
   2  1.9096398e+02 3.58e-05 2.62e-02 1.99e-05  -2.5   -4.5  1.00e+00  1  1h
   3  1.9096398e+02 6.71e-07 1.97e-04 1.55e-06  -3.8   -5.0  1.00e+00  1  1h
   4  1.9096398e+02 5.34e-07 7.53e-06 1.13e-06  -5.7   -5.4  1.00e+00  1  1h
   5  1.9096397e+02 3.86e-06 2.55e-03 5.95e-07  -7.0   -5.9  1.00e+00  2  1h
   6  1.9096394e+02 4.55e-06 3.34e-07 1.55e-07  -7.0   -6.4  1.00e+00  2  1h
   7  1.9096392e+02 1.03e-05 3.12e-07 1.03e-07  -7.0   -6.9  1.00e+00  4  1h
   8  1.9096392e+02 2.68e-06 1.66e-07 9.12e-08  -7.0   -7.3  1.00e+00  4  1h
   9  1.9096392e+02 1.84e-05 1.52e-07 9.09e-08  -7.0   -7.8  1.00e+00  4  1h
iter    objective    inf_pr   inf_du inf_compl lg(mu) lg(rg) alpha_pr ir ls
  10  1.9096392e+02 1.26e-07 8.60e-08 9.09e-08  -7.0   -8.3  1.00e+00  4  1h

Number of Iterations....: 10

                                   (scaled)                 (unscaled)
Objective...............:   1.9096392394379865e+02    1.9096392394379865e+02
Dual infeasibility......:   8.6004971349997437e-08    8.6004971349997437e-08
Constraint violation....:   1.2597107838691944e-07    1.2597107838691944e-07
Complementarity.........:   9.0909090909090928e-08    9.0909090909090928e-08
Overall NLP error.......:   1.2597107838691944e-07    1.2597107838691944e-07

Number of objective function evaluations              = 11
Number of objective gradient evaluations              = 11
Number of constraint evaluations                      = 11
Number of constraint Jacobian evaluations             = 11
Number of Lagrangian Hessian evaluations              = 10
Number of KKT factorizations                          = 20
Number of KKT backsolves                              = 24

Total wall secs in initialization                     = 58.002 s
Total wall secs in linear solver                      =  unavailable
Total wall secs in NLP function evaluations           =  8.509 s
Total wall secs in solver (w/o init./fun./lin. alg.)  =  unavailable
Total wall secs                                       = 164.327 s

[32mEXIT: Optimal Solution Found (tol = 1.0e-06).[0m
This is [34mMad[31mN[32mL[35mP[0m version v0.9.2, running with cuDSS v0.7.1

Number of nonzeros in constraint Jacobian............:   171149
Number of nonzeros in Lagrangian Hessian.............:   154145

Total number of variables............................:    13463
                     variables with only lower bounds:        0
                variables with lower and upper bounds:       13
                     variables with only upper bounds:        0
Total number of equality constraints.................:    13450
Total number of inequality constraints...............:        0
        inequality constraints with only lower bounds:        0
   inequality constraints with lower and upper bounds:        0
        inequality constraints with only upper bounds:        0

iter    objective    inf_pr   inf_du inf_compl lg(mu) lg(rg) alpha_pr ir ls
   0 -4.6688181e+01 0.00e+00 9.76e+01 5.77e+00  -1.0     -   0.00e+00  0  0 
   1 -4.6688184e+01 1.14e-13 2.93e-01 2.01e-04  -1.0     -   2.28e-05  1  8h
   2 -4.6688187e+01 1.47e-11 2.24e-06 2.01e-04  -1.7     -   1.00e+00  1  1h
   3 -4.6688200e+01 1.77e-11 2.95e-05 1.97e-04  -5.7     -   1.00e+00  1  1h
   4 -4.6690914e+01 4.58e-11 1.76e-02 5.13e-05  -5.7     -   1.00e+00  1  1h
   5 -4.6695222e+01 5.60e-11 1.95e-02 1.48e-05  -5.7     -   1.00e+00  1  1h
   6 -4.6699959e+01 4.44e-11 2.49e-03 4.12e-06  -5.7     -   1.00e+00  1  1h
   7 -4.6702860e+01 8.08e-11 7.92e-07 2.27e-06  -5.7     -   1.00e+00  1  1h
   8 -4.6704834e+01 3.91e-11 1.65e-03 5.86e-07  -7.0     -   1.00e+00  1  1h
   9 -4.6705886e+01 1.02e-10 2.06e-07 1.55e-07  -7.0     -   1.00e+00  1  1h

Number of Iterations....: 9

                                   (scaled)                 (unscaled)
Objective...............:  -4.6705885960144393e+01   -4.6705885960144393e+01
Dual infeasibility......:   2.0584622362207483e-07    2.0584622362207483e-07
Constraint violation....:   1.0160914243919879e-10    1.0160914243919879e-10
Complementarity.........:   1.5473730265365146e-07    1.5473730265365146e-07
Overall NLP error.......:   2.0584622362207483e-07    2.0584622362207483e-07

Number of objective function evaluations              = 18
Number of objective gradient evaluations              = 10
Number of constraint evaluations                      = 18
Number of constraint Jacobian evaluations             = 10
Number of Lagrangian Hessian evaluations              = 9
Number of KKT factorizations                          = 9
Number of KKT backsolves                              = 10

Total wall secs in initialization                     = 11.906 s
Total wall secs in linear solver                      =  unavailable
Total wall secs in NLP function evaluations           =  5.838 s
Total wall secs in solver (w/o init./fun./lin. alg.)  =  unavailable
Total wall secs                                       = 35.503 s

[32mEXIT: Optimal Solution Found (tol = 1.0e-06).[0m
This is [34mMad[31mN[32mL[35mP[0m version v0.9.2, running with cuDSS v0.7.1

Number of nonzeros in constraint Jacobian............:   171149
Number of nonzeros in Lagrangian Hessian.............:   154145

Total number of variables............................:    13463
                     variables with only lower bounds:        0
                variables with lower and upper bounds:       13
                     variables with only upper bounds:        0
Total number of equality constraints.................:    13450
Total number of inequality constraints...............:        0
        inequality constraints with only lower bounds:        0
   inequality constraints with lower and upper bounds:        0
        inequality constraints with only upper bounds:        0

iter    objective    inf_pr   inf_du inf_compl lg(mu) lg(rg) alpha_pr ir ls
   0 -4.6688181e+01 0.00e+00 9.76e+01 5.77e+00  -1.0     -   0.00e+00  0  0 
   1 -4.6688184e+01 1.14e-13 2.93e-01 2.01e-04  -1.0     -   2.28e-05  1  8h
   2 -4.6688187e+01 1.47e-11 2.24e-06 2.01e-04  -1.7     -   1.00e+00  1  1h
   3 -4.6688200e+01 1.75e-11 2.95e-05 1.97e-04  -5.7     -   1.00e+00  1  1h
   4 -4.6690914e+01 4.58e-11 1.76e-02 5.13e-05  -5.7     -   1.00e+00  1  1h
   5 -4.6695222e+01 5.60e-11 1.95e-02 1.48e-05  -5.7     -   1.00e+00  1  1h
   6 -4.6699959e+01 4.44e-11 2.49e-03 4.12e-06  -5.7     -   1.00e+00  1  1h
   7 -4.6702860e+01 8.08e-11 7.92e-07 2.27e-06  -5.7     -   1.00e+00  1  1h
   8 -4.6704834e+01 3.91e-11 1.65e-03 5.86e-07  -7.0     -   1.00e+00  1  1h
   9 -4.6705886e+01 1.02e-10 2.06e-07 1.55e-07  -7.0     -   1.00e+00  1  1h

Number of Iterations....: 9

                                   (scaled)                 (unscaled)
Objective...............:  -4.6705885960143661e+01   -4.6705885960143661e+01
Dual infeasibility......:   2.0584621474029063e-07    2.0584621474029063e-07
Constraint violation....:   1.0161003061761850e-10    1.0161003061761850e-10
Complementarity.........:   1.5473730318703465e-07    1.5473730318703465e-07
Overall NLP error.......:   2.0584621474029063e-07    2.0584621474029063e-07

Number of objective function evaluations              = 18
Number of objective gradient evaluations              = 10
Number of constraint evaluations                      = 18
Number of constraint Jacobian evaluations             = 10
Number of Lagrangian Hessian evaluations              = 9
Number of KKT factorizations                          = 9
Number of KKT backsolves                              = 10

Total wall secs in initialization                     =  0.240 s
Total wall secs in linear solver                      =  unavailable
Total wall secs in NLP function evaluations           =  0.084 s
Total wall secs in solver (w/o init./fun./lin. alg.)  =  unavailable
Total wall secs                                       =  0.432 s

[32mEXIT: Optimal Solution Found (tol = 1.0e-06).[0m
This is [34mMad[31mN[32mL[35mP[0m version v0.9.2, running with cuDSS v0.7.1

Number of nonzeros in constraint Jacobian............:   171149
Number of nonzeros in Lagrangian Hessian.............:   154145

Total number of variables............................:    13463
                     variables with only lower bounds:        0
                variables with lower and upper bounds:       13
                     variables with only upper bounds:        0
Total number of equality constraints.................:    13450
Total number of inequality constraints...............:        0
        inequality constraints with only lower bounds:        0
   inequality constraints with lower and upper bounds:        0
        inequality constraints with only upper bounds:        0

iter    objective    inf_pr   inf_du inf_compl lg(mu) lg(rg) alpha_pr ir ls
   0 -4.6688181e+01 0.00e+00 9.76e+01 5.77e+00  -1.0     -   0.00e+00  0  0 
   1 -4.6688184e+01 1.14e-13 2.93e-01 2.01e-04  -1.0     -   2.28e-05  1  8h
   2 -4.6688187e+01 1.46e-11 2.23e-06 2.01e-04  -1.7     -   1.00e+00  1  1h
   3 -4.6688200e+01 1.73e-11 2.95e-05 1.97e-04  -5.7     -   1.00e+00  1  1h
   4 -4.6690914e+01 4.58e-11 1.76e-02 5.13e-05  -5.7     -   1.00e+00  1  1h
   5 -4.6695222e+01 5.60e-11 1.95e-02 1.48e-05  -5.7     -   1.00e+00  1  1h
   6 -4.6699959e+01 4.44e-11 2.49e-03 4.12e-06  -5.7     -   1.00e+00  1  1h
   7 -4.6702860e+01 8.08e-11 7.92e-07 2.27e-06  -5.7     -   1.00e+00  1  1h
   8 -4.6704834e+01 3.91e-11 1.65e-03 5.86e-07  -7.0     -   1.00e+00  1  1h
   9 -4.6705886e+01 1.02e-10 2.06e-07 1.55e-07  -7.0     -   1.00e+00  1  1h

Number of Iterations....: 9

                                   (scaled)                 (unscaled)
Objective...............:  -4.6705885960143917e+01   -4.6705885960143917e+01
Dual infeasibility......:   2.0584622006936115e-07    2.0584622006936115e-07
Constraint violation....:   1.0160914243919879e-10    1.0160914243919879e-10
Complementarity.........:   1.5473730288893178e-07    1.5473730288893178e-07
Overall NLP error.......:   2.0584622006936115e-07    2.0584622006936115e-07

Number of objective function evaluations              = 18
Number of objective gradient evaluations              = 10
Number of constraint evaluations                      = 18
Number of constraint Jacobian evaluations             = 10
Number of Lagrangian Hessian evaluations              = 9
Number of KKT factorizations                          = 9
Number of KKT backsolves                              = 10

Total wall secs in initialization                     =  0.173 s
Total wall secs in linear solver                      =  unavailable
Total wall secs in NLP function evaluations           =  0.060 s
Total wall secs in solver (w/o init./fun./lin. alg.)  =  unavailable
Total wall secs                                       =  0.357 s

[32mEXIT: Optimal Solution Found (tol = 1.0e-06).[0m
This is [34mMad[31mN[32mL[35mP[0m version v0.9.2, running with cuDSS v0.7.1

Number of nonzeros in constraint Jacobian............:   171149
Number of nonzeros in Lagrangian Hessian.............:   154145

Total number of variables............................:    13463
                     variables with only lower bounds:        0
                variables with lower and upper bounds:       13
                     variables with only upper bounds:        0
Total number of equality constraints.................:    13450
Total number of inequality constraints...............:        0
        inequality constraints with only lower bounds:        0
   inequality constraints with lower and upper bounds:        0
        inequality constraints with only upper bounds:        0

iter    objective    inf_pr   inf_du inf_compl lg(mu) lg(rg) alpha_pr ir ls
   0 -4.6688181e+01 0.00e+00 9.76e+01 5.77e+00  -1.0     -   0.00e+00  0  0 
   1 -4.6688184e+01 1.14e-13 2.93e-01 2.01e-04  -1.0     -   2.28e-05  1  8h
   2 -4.6688187e+01 1.47e-11 2.24e-06 2.01e-04  -1.7     -   1.00e+00  1  1h
   3 -4.6688200e+01 1.75e-11 2.95e-05 1.97e-04  -5.7     -   1.00e+00  1  1h
   4 -4.6690914e+01 4.58e-11 1.76e-02 5.13e-05  -5.7     -   1.00e+00  1  1h
   5 -4.6695222e+01 5.60e-11 1.95e-02 1.48e-05  -5.7     -   1.00e+00  1  1h
   6 -4.6699959e+01 4.44e-11 2.49e-03 4.12e-06  -5.7     -   1.00e+00  1  1h
   7 -4.6702860e+01 8.08e-11 7.92e-07 2.27e-06  -5.7     -   1.00e+00  1  1h
   8 -4.6704834e+01 3.91e-11 1.65e-03 5.86e-07  -7.0     -   1.00e+00  1  1h
   9 -4.6705886e+01 1.02e-10 2.06e-07 1.55e-07  -7.0     -   1.00e+00  1  1h

Number of Iterations....: 9

                                   (scaled)                 (unscaled)
Objective...............:  -4.6705885960144755e+01   -4.6705885960144755e+01
Dual infeasibility......:   2.0584620585850644e-07    2.0584620585850644e-07
Constraint violation....:   1.0160825425400283e-10    1.0160825425400283e-10
Complementarity.........:   1.5473730236078371e-07    1.5473730236078371e-07
Overall NLP error.......:   2.0584620585850644e-07    2.0584620585850644e-07

Number of objective function evaluations              = 18
Number of objective gradient evaluations              = 10
Number of constraint evaluations                      = 18
Number of constraint Jacobian evaluations             = 10
Number of Lagrangian Hessian evaluations              = 9
Number of KKT factorizations                          = 9
Number of KKT backsolves                              = 10

Total wall secs in initialization                     =  0.155 s
Total wall secs in linear solver                      =  unavailable
Total wall secs in NLP function evaluations           =  0.082 s
Total wall secs in solver (w/o init./fun./lin. alg.)  =  unavailable
Total wall secs                                       =  0.339 s

[32mEXIT: Optimal Solution Found (tol = 1.0e-06).[0m
