┌ Warning: Simulation condition id pred2 does not appear in the measurements table. Therefore no measurement corresponds to this id.
└ @ PEtab ~/.julia/packages/PEtab/PnGbI/src/petab_files/conditions/check_input.jl:13
┌ Warning: Simulation condition id pred3 does not appear in the measurements table. Therefore no measurement corresponds to this id.
└ @ PEtab ~/.julia/packages/PEtab/PnGbI/src/petab_files/conditions/check_input.jl:13
┌ Warning: Simulation condition id pred4 does not appear in the measurements table. Therefore no measurement corresponds to this id.
└ @ PEtab ~/.julia/packages/PEtab/PnGbI/src/petab_files/conditions/check_input.jl:13
┌ Warning: Simulation condition id pred5 does not appear in the measurements table. Therefore no measurement corresponds to this id.
└ @ PEtab ~/.julia/packages/PEtab/PnGbI/src/petab_files/conditions/check_input.jl:13
┌ Warning: Simulation condition id pred2 does not appear in the measurements table. Therefore no measurement corresponds to this id.
└ @ PEtab ~/.julia/packages/PEtab/PnGbI/src/petab_files/conditions/check_input.jl:13
┌ Warning: Simulation condition id pred3 does not appear in the measurements table. Therefore no measurement corresponds to this id.
└ @ PEtab ~/.julia/packages/PEtab/PnGbI/src/petab_files/conditions/check_input.jl:13
┌ Warning: Simulation condition id pred4 does not appear in the measurements table. Therefore no measurement corresponds to this id.
└ @ PEtab ~/.julia/packages/PEtab/PnGbI/src/petab_files/conditions/check_input.jl:13
┌ Warning: Simulation condition id pred5 does not appear in the measurements table. Therefore no measurement corresponds to this id.
└ @ PEtab ~/.julia/packages/PEtab/PnGbI/src/petab_files/conditions/check_input.jl:13
┌ Warning: Verbosity toggle: newton_convergence 
│  Newton iteration failed with stale Jacobian, retrying with fresh Jacobian
└ @ OrdinaryDiffEqNonlinearSolve ~/.julia/packages/OrdinaryDiffEqNonlinearSolve/doSPx/src/nlsolve.jl:144
┌ Warning: Verbosity toggle: newton_convergence 
│  Newton iteration failed with stale Jacobian, retrying with fresh Jacobian
└ @ OrdinaryDiffEqNonlinearSolve ~/.julia/packages/OrdinaryDiffEqNonlinearSolve/doSPx/src/nlsolve.jl:144
┌ Warning: Verbosity toggle: newton_convergence 
│  Newton iteration failed with stale Jacobian, retrying with fresh Jacobian
└ @ OrdinaryDiffEqNonlinearSolve ~/.julia/packages/OrdinaryDiffEqNonlinearSolve/doSPx/src/nlsolve.jl:144
┌ Warning: Verbosity toggle: newton_convergence 
│  Newton iteration failed with stale Jacobian, retrying with fresh Jacobian
└ @ OrdinaryDiffEqNonlinearSolve ~/.julia/packages/OrdinaryDiffEqNonlinearSolve/doSPx/src/nlsolve.jl:144
┌ Warning: Verbosity toggle: newton_convergence 
│  Newton iteration diverging: θ = 2.2578504725191784 > 2, ndz = 0.34715919419274194, ndzprev = 0.1537565035497687
└ @ OrdinaryDiffEqNonlinearSolve ~/.julia/packages/OrdinaryDiffEqNonlinearSolve/doSPx/src/nlsolve.jl:101
┌ Warning: Verbosity toggle: newton_convergence 
│  Newton iteration failed with stale Jacobian, retrying with fresh Jacobian
└ @ OrdinaryDiffEqNonlinearSolve ~/.julia/packages/OrdinaryDiffEqNonlinearSolve/doSPx/src/nlsolve.jl:144
┌ Warning: Verbosity toggle: newton_convergence 
│  Newton iteration failed with stale Jacobian, retrying with fresh Jacobian
└ @ OrdinaryDiffEqNonlinearSolve ~/.julia/packages/OrdinaryDiffEqNonlinearSolve/doSPx/src/nlsolve.jl:144
┌ Warning: Verbosity toggle: newton_convergence 
│  Newton iteration failed with stale Jacobian, retrying with fresh Jacobian
└ @ OrdinaryDiffEqNonlinearSolve ~/.julia/packages/OrdinaryDiffEqNonlinearSolve/doSPx/src/nlsolve.jl:144
┌ Warning: Verbosity toggle: newton_convergence 
│  Newton iteration failed with stale Jacobian, retrying with fresh Jacobian
└ @ OrdinaryDiffEqNonlinearSolve ~/.julia/packages/OrdinaryDiffEqNonlinearSolve/doSPx/src/nlsolve.jl:144
┌ Warning: Verbosity toggle: newton_convergence 
│  Newton iteration failed with stale Jacobian, retrying with fresh Jacobian
└ @ OrdinaryDiffEqNonlinearSolve ~/.julia/packages/OrdinaryDiffEqNonlinearSolve/doSPx/src/nlsolve.jl:144
┌ Warning: Verbosity toggle: newton_convergence 
│  Newton iteration failed with stale Jacobian, retrying with fresh Jacobian
└ @ OrdinaryDiffEqNonlinearSolve ~/.julia/packages/OrdinaryDiffEqNonlinearSolve/doSPx/src/nlsolve.jl:144
┌ Warning: Verbosity toggle: newton_convergence 
│  Newton iteration failed with stale Jacobian, retrying with fresh Jacobian
└ @ OrdinaryDiffEqNonlinearSolve ~/.julia/packages/OrdinaryDiffEqNonlinearSolve/doSPx/src/nlsolve.jl:144
┌ Warning: Verbosity toggle: newton_convergence 
│  Newton iteration failed with stale Jacobian, retrying with fresh Jacobian
└ @ OrdinaryDiffEqNonlinearSolve ~/.julia/packages/OrdinaryDiffEqNonlinearSolve/doSPx/src/nlsolve.jl:144
┌ Warning: Verbosity toggle: newton_convergence 
│  Newton iteration failed with stale Jacobian, retrying with fresh Jacobian
└ @ OrdinaryDiffEqNonlinearSolve ~/.julia/packages/OrdinaryDiffEqNonlinearSolve/doSPx/src/nlsolve.jl:144
┌ Warning: Verbosity toggle: newton_convergence 
│  Newton iteration failed with stale Jacobian, retrying with fresh Jacobian
└ @ OrdinaryDiffEqNonlinearSolve ~/.julia/packages/OrdinaryDiffEqNonlinearSolve/doSPx/src/nlsolve.jl:144
